[2026-02-17T17:32:11.452+0000] {taskinstance.py:1956} INFO - Dependencies all met for dep_context=non-requeueable deps ti=<TaskInstance: ingest_telemetry.load_to_bigquery scheduled__2026-02-17T17:25:00+00:00 [queued]>
[2026-02-17T17:32:11.456+0000] {taskinstance.py:1956} INFO - Dependencies all met for dep_context=requeueable deps ti=<TaskInstance: ingest_telemetry.load_to_bigquery scheduled__2026-02-17T17:25:00+00:00 [queued]>
[2026-02-17T17:32:11.456+0000] {taskinstance.py:2170} INFO - Starting attempt 2 of 2
[2026-02-17T17:32:11.462+0000] {taskinstance.py:2191} INFO - Executing <Task(PythonOperator): load_to_bigquery> on 2026-02-17 17:25:00+00:00
[2026-02-17T17:32:11.465+0000] {standard_task_runner.py:60} INFO - Started process 538 to run task
[2026-02-17T17:32:11.467+0000] {standard_task_runner.py:87} INFO - Running: ['***', 'tasks', 'run', 'ingest_telemetry', 'load_to_bigquery', 'scheduled__2026-02-17T17:25:00+00:00', '--job-id', '19', '--raw', '--subdir', 'DAGS_FOLDER/ingest_telemetry.py', '--cfg-path', '/tmp/tmpcltrxgc3']
[2026-02-17T17:32:11.469+0000] {standard_task_runner.py:88} INFO - Job 19: Subtask load_to_bigquery
[2026-02-17T17:32:11.504+0000] {task_command.py:423} INFO - Running <TaskInstance: ingest_telemetry.load_to_bigquery scheduled__2026-02-17T17:25:00+00:00 [running]> on host 173280efb2df
[2026-02-17T17:32:11.543+0000] {taskinstance.py:2480} INFO - Exporting env vars: AIRFLOW_CTX_DAG_OWNER='lawal' AIRFLOW_CTX_DAG_ID='ingest_telemetry' AIRFLOW_CTX_TASK_ID='load_to_bigquery' AIRFLOW_CTX_EXECUTION_DATE='2026-02-17T17:25:00+00:00' AIRFLOW_CTX_TRY_NUMBER='2' AIRFLOW_CTX_DAG_RUN_ID='scheduled__2026-02-17T17:25:00+00:00'
[2026-02-17T17:32:14.981+0000] {ingest_telemetry.py:86} INFO - Loaded telemetry/raw_20260214_131534.json → 4 rows
[2026-02-17T17:32:17.941+0000] {ingest_telemetry.py:86} INFO - Loaded telemetry/raw_20260214_131540.json → 8 rows
[2026-02-17T17:32:20.093+0000] {ingest_telemetry.py:86} INFO - Loaded telemetry/raw_20260214_131545.json → 9 rows
[2026-02-17T17:32:22.709+0000] {ingest_telemetry.py:86} INFO - Loaded telemetry/raw_20260214_131550.json → 12 rows
[2026-02-17T17:32:24.800+0000] {ingest_telemetry.py:86} INFO - Loaded telemetry/raw_20260214_131555.json → 15 rows
[2026-02-17T17:32:26.835+0000] {ingest_telemetry.py:86} INFO - Loaded telemetry/raw_20260214_131600.json → 17 rows
[2026-02-17T17:32:29.807+0000] {ingest_telemetry.py:86} INFO - Loaded telemetry/raw_20260214_131606.json → 18 rows
[2026-02-17T17:32:32.342+0000] {ingest_telemetry.py:86} INFO - Loaded telemetry/raw_20260214_131611.json → 19 rows
[2026-02-17T17:32:34.908+0000] {ingest_telemetry.py:86} INFO - Loaded telemetry/raw_20260214_131616.json → 19 rows
[2026-02-17T17:32:37.719+0000] {ingest_telemetry.py:86} INFO - Loaded telemetry/raw_20260214_131621.json → 19 rows
[2026-02-17T17:32:40.588+0000] {ingest_telemetry.py:86} INFO - Loaded telemetry/raw_20260214_131626.json → 19 rows
[2026-02-17T17:32:43.297+0000] {ingest_telemetry.py:86} INFO - Loaded telemetry/raw_20260214_131631.json → 20 rows
[2026-02-17T17:32:45.341+0000] {ingest_telemetry.py:86} INFO - Loaded telemetry/raw_20260214_131637.json → 20 rows
[2026-02-17T17:32:47.485+0000] {ingest_telemetry.py:86} INFO - Loaded telemetry/raw_20260214_131642.json → 20 rows
[2026-02-17T17:32:50.408+0000] {ingest_telemetry.py:86} INFO - Loaded telemetry/raw_20260214_131647.json → 20 rows
[2026-02-17T17:32:52.948+0000] {ingest_telemetry.py:86} INFO - Loaded telemetry/raw_20260214_131652.json → 20 rows
[2026-02-17T17:32:55.359+0000] {ingest_telemetry.py:86} INFO - Loaded telemetry/raw_20260214_131657.json → 20 rows
[2026-02-17T17:32:57.744+0000] {ingest_telemetry.py:86} INFO - Loaded telemetry/raw_20260214_131702.json → 20 rows
[2026-02-17T17:33:00.177+0000] {ingest_telemetry.py:86} INFO - Loaded telemetry/raw_20260214_131708.json → 20 rows
[2026-02-17T17:33:02.240+0000] {ingest_telemetry.py:86} INFO - Loaded telemetry/raw_20260214_131713.json → 20 rows
[2026-02-17T17:33:04.514+0000] {ingest_telemetry.py:86} INFO - Loaded telemetry/raw_20260214_131718.json → 20 rows
[2026-02-17T17:33:06.638+0000] {ingest_telemetry.py:86} INFO - Loaded telemetry/raw_20260214_131723.json → 20 rows
[2026-02-17T17:33:09.127+0000] {ingest_telemetry.py:86} INFO - Loaded telemetry/raw_20260214_131728.json → 20 rows
[2026-02-17T17:33:11.514+0000] {ingest_telemetry.py:86} INFO - Loaded telemetry/raw_20260214_131733.json → 20 rows
[2026-02-17T17:33:14.569+0000] {ingest_telemetry.py:86} INFO - Loaded telemetry/raw_20260214_131739.json → 20 rows
[2026-02-17T17:33:16.799+0000] {ingest_telemetry.py:86} INFO - Loaded telemetry/raw_20260214_131744.json → 20 rows
[2026-02-17T17:33:19.070+0000] {ingest_telemetry.py:86} INFO - Loaded telemetry/raw_20260214_131749.json → 20 rows
[2026-02-17T17:33:21.344+0000] {ingest_telemetry.py:86} INFO - Loaded telemetry/raw_20260214_131754.json → 20 rows
[2026-02-17T17:33:25.048+0000] {ingest_telemetry.py:86} INFO - Loaded telemetry/raw_20260214_131759.json → 20 rows
[2026-02-17T17:33:27.123+0000] {ingest_telemetry.py:86} INFO - Loaded telemetry/raw_20260214_131804.json → 20 rows
[2026-02-17T17:33:29.430+0000] {ingest_telemetry.py:86} INFO - Loaded telemetry/raw_20260214_131809.json → 20 rows
[2026-02-17T17:33:31.243+0000] {ingest_telemetry.py:86} INFO - Loaded telemetry/raw_20260214_131815.json → 20 rows
[2026-02-17T17:33:33.101+0000] {ingest_telemetry.py:86} INFO - Loaded telemetry/raw_20260214_131820.json → 20 rows
[2026-02-17T17:33:36.251+0000] {ingest_telemetry.py:86} INFO - Loaded telemetry/raw_20260214_131825.json → 20 rows
[2026-02-17T17:33:38.996+0000] {ingest_telemetry.py:86} INFO - Loaded telemetry/raw_20260214_131830.json → 20 rows
[2026-02-17T17:33:41.603+0000] {ingest_telemetry.py:86} INFO - Loaded telemetry/raw_20260214_131835.json → 20 rows
[2026-02-17T17:33:44.086+0000] {ingest_telemetry.py:86} INFO - Loaded telemetry/raw_20260214_131840.json → 20 rows
[2026-02-17T17:33:46.317+0000] {ingest_telemetry.py:86} INFO - Loaded telemetry/raw_20260214_131846.json → 20 rows
[2026-02-17T17:33:48.636+0000] {ingest_telemetry.py:86} INFO - Loaded telemetry/raw_20260214_131851.json → 20 rows
[2026-02-17T17:33:50.683+0000] {ingest_telemetry.py:86} INFO - Loaded telemetry/raw_20260214_131856.json → 20 rows
[2026-02-17T17:33:52.696+0000] {ingest_telemetry.py:86} INFO - Loaded telemetry/raw_20260214_131901.json → 20 rows
[2026-02-17T17:33:55.496+0000] {ingest_telemetry.py:86} INFO - Loaded telemetry/raw_20260214_131906.json → 20 rows
[2026-02-17T17:33:57.582+0000] {ingest_telemetry.py:86} INFO - Loaded telemetry/raw_20260214_131911.json → 20 rows
[2026-02-17T17:33:59.334+0000] {ingest_telemetry.py:86} INFO - Loaded telemetry/raw_20260214_131917.json → 20 rows
[2026-02-17T17:34:01.422+0000] {ingest_telemetry.py:86} INFO - Loaded telemetry/raw_20260214_131922.json → 20 rows
[2026-02-17T17:34:04.241+0000] {ingest_telemetry.py:86} INFO - Loaded telemetry/raw_20260214_131927.json → 20 rows
[2026-02-17T17:34:07.223+0000] {ingest_telemetry.py:86} INFO - Loaded telemetry/raw_20260214_131932.json → 20 rows
[2026-02-17T17:34:09.330+0000] {ingest_telemetry.py:86} INFO - Loaded telemetry/raw_20260214_131937.json → 20 rows
[2026-02-17T17:34:11.896+0000] {ingest_telemetry.py:86} INFO - Loaded telemetry/raw_20260214_131942.json → 20 rows
[2026-02-17T17:34:13.925+0000] {ingest_telemetry.py:86} INFO - Loaded telemetry/raw_20260214_131948.json → 20 rows
[2026-02-17T17:34:16.340+0000] {ingest_telemetry.py:86} INFO - Loaded telemetry/raw_20260214_131953.json → 20 rows
[2026-02-17T17:34:19.081+0000] {ingest_telemetry.py:86} INFO - Loaded telemetry/raw_20260214_131958.json → 20 rows
[2026-02-17T17:34:22.937+0000] {ingest_telemetry.py:86} INFO - Loaded telemetry/raw_20260214_132003.json → 20 rows
[2026-02-17T17:34:26.388+0000] {ingest_telemetry.py:86} INFO - Loaded telemetry/raw_20260214_132008.json → 20 rows
[2026-02-17T17:34:28.554+0000] {ingest_telemetry.py:86} INFO - Loaded telemetry/raw_20260214_132013.json → 20 rows
[2026-02-17T17:34:31.096+0000] {ingest_telemetry.py:86} INFO - Loaded telemetry/raw_20260214_132018.json → 20 rows
[2026-02-17T17:34:34.866+0000] {ingest_telemetry.py:86} INFO - Loaded telemetry/raw_20260214_132024.json → 20 rows
[2026-02-17T17:34:36.778+0000] {ingest_telemetry.py:86} INFO - Loaded telemetry/raw_20260214_132029.json → 20 rows
[2026-02-17T17:34:39.713+0000] {ingest_telemetry.py:86} INFO - Loaded telemetry/raw_20260214_132034.json → 20 rows
[2026-02-17T17:34:42.255+0000] {ingest_telemetry.py:86} INFO - Loaded telemetry/raw_20260214_132039.json → 20 rows
[2026-02-17T17:34:44.883+0000] {ingest_telemetry.py:86} INFO - Loaded telemetry/raw_20260214_132044.json → 20 rows
[2026-02-17T17:34:51.597+0000] {ingest_telemetry.py:86} INFO - Loaded telemetry/raw_20260214_132050.json → 20 rows
[2026-02-17T17:34:53.551+0000] {ingest_telemetry.py:86} INFO - Loaded telemetry/raw_20260214_132055.json → 20 rows
[2026-02-17T17:34:56.535+0000] {ingest_telemetry.py:86} INFO - Loaded telemetry/raw_20260214_132100.json → 20 rows
[2026-02-17T17:34:58.811+0000] {ingest_telemetry.py:86} INFO - Loaded telemetry/raw_20260214_132105.json → 20 rows
[2026-02-17T17:35:02.764+0000] {ingest_telemetry.py:86} INFO - Loaded telemetry/raw_20260214_132110.json → 20 rows
[2026-02-17T17:35:05.801+0000] {ingest_telemetry.py:86} INFO - Loaded telemetry/raw_20260214_132115.json → 20 rows
[2026-02-17T17:35:08.853+0000] {ingest_telemetry.py:86} INFO - Loaded telemetry/raw_20260214_132121.json → 20 rows
[2026-02-17T17:35:11.035+0000] {ingest_telemetry.py:86} INFO - Loaded telemetry/raw_20260214_132126.json → 20 rows
[2026-02-17T17:35:11.709+0000] {taskinstance.py:2698} ERROR - Task failed with exception
Traceback (most recent call last):
  File "/home/airflow/.local/lib/python3.8/site-packages/airflow/models/taskinstance.py", line 433, in _execute_task
    result = execute_callable(context=context, **execute_callable_kwargs)
  File "/home/airflow/.local/lib/python3.8/site-packages/airflow/operators/python.py", line 199, in execute
    return_value = self.execute_callable()
  File "/home/airflow/.local/lib/python3.8/site-packages/airflow/operators/python.py", line 216, in execute_callable
    return self.python_callable(*self.op_args, **self.op_kwargs)
  File "/opt/airflow/dags/ingest_telemetry.py", line 84, in load_files_to_bigquery
    job.result()  # Wait for job to complete
  File "/home/airflow/.local/lib/python3.8/site-packages/google/cloud/bigquery/job/base.py", line 971, in result
    return super(_AsyncJob, self).result(timeout=timeout, **kwargs)
  File "/home/airflow/.local/lib/python3.8/site-packages/google/api_core/future/polling.py", line 261, in result
    raise self._exception
google.api_core.exceptions.Forbidden: 403 Exceeded rate limits: too many table update operations for this table. For more information, see https://cloud.google.com/bigquery/docs/troubleshoot-quotas; reason: rateLimitExceeded, location: table.write, message: Exceeded rate limits: too many table update operations for this table. For more information, see https://cloud.google.com/bigquery/docs/troubleshoot-quotas
[2026-02-17T17:35:11.720+0000] {taskinstance.py:1138} INFO - Marking task as FAILED. dag_id=ingest_telemetry, task_id=load_to_bigquery, execution_date=20260217T172500, start_date=20260217T173211, end_date=20260217T173511
[2026-02-17T17:35:11.729+0000] {standard_task_runner.py:107} ERROR - Failed to execute job 19 for task load_to_bigquery (403 Exceeded rate limits: too many table update operations for this table. For more information, see https://cloud.google.com/bigquery/docs/troubleshoot-quotas; reason: rateLimitExceeded, location: table.write, message: Exceeded rate limits: too many table update operations for this table. For more information, see https://cloud.google.com/bigquery/docs/troubleshoot-quotas; 538)
[2026-02-17T17:35:11.767+0000] {local_task_job_runner.py:234} INFO - Task exited with return code 1
[2026-02-17T17:35:11.784+0000] {taskinstance.py:3280} INFO - 0 downstream tasks scheduled from follow-on schedule check
