[2026-02-17T18:20:01.724+0000] {taskinstance.py:1956} INFO - Dependencies all met for dep_context=non-requeueable deps ti=<TaskInstance: ingest_telemetry.load_to_bigquery scheduled__2026-02-17T18:15:00+00:00 [queued]>
[2026-02-17T18:20:01.727+0000] {taskinstance.py:1956} INFO - Dependencies all met for dep_context=requeueable deps ti=<TaskInstance: ingest_telemetry.load_to_bigquery scheduled__2026-02-17T18:15:00+00:00 [queued]>
[2026-02-17T18:20:01.727+0000] {taskinstance.py:2170} INFO - Starting attempt 1 of 2
[2026-02-17T18:20:01.733+0000] {taskinstance.py:2191} INFO - Executing <Task(PythonOperator): load_to_bigquery> on 2026-02-17 18:15:00+00:00
[2026-02-17T18:20:01.736+0000] {standard_task_runner.py:60} INFO - Started process 1183 to run task
[2026-02-17T18:20:01.738+0000] {standard_task_runner.py:87} INFO - Running: ['***', 'tasks', 'run', 'ingest_telemetry', 'load_to_bigquery', 'scheduled__2026-02-17T18:15:00+00:00', '--job-id', '48', '--raw', '--subdir', 'DAGS_FOLDER/ingest_telemetry.py', '--cfg-path', '/tmp/tmpgv893wiq']
[2026-02-17T18:20:01.739+0000] {standard_task_runner.py:88} INFO - Job 48: Subtask load_to_bigquery
[2026-02-17T18:20:01.763+0000] {task_command.py:423} INFO - Running <TaskInstance: ingest_telemetry.load_to_bigquery scheduled__2026-02-17T18:15:00+00:00 [running]> on host 173280efb2df
[2026-02-17T18:20:01.799+0000] {taskinstance.py:2480} INFO - Exporting env vars: AIRFLOW_CTX_DAG_OWNER='lawal' AIRFLOW_CTX_DAG_ID='ingest_telemetry' AIRFLOW_CTX_TASK_ID='load_to_bigquery' AIRFLOW_CTX_EXECUTION_DATE='2026-02-17T18:15:00+00:00' AIRFLOW_CTX_TRY_NUMBER='1' AIRFLOW_CTX_DAG_RUN_ID='scheduled__2026-02-17T18:15:00+00:00'
[2026-02-17T18:20:05.047+0000] {ingest_telemetry.py:86} INFO - Loaded telemetry/raw_20260214_131534.json → 4 rows
[2026-02-17T18:20:07.018+0000] {ingest_telemetry.py:86} INFO - Loaded telemetry/raw_20260214_131540.json → 8 rows
[2026-02-17T18:20:09.471+0000] {ingest_telemetry.py:86} INFO - Loaded telemetry/raw_20260214_131545.json → 9 rows
[2026-02-17T18:20:10.112+0000] {taskinstance.py:2698} ERROR - Task failed with exception
Traceback (most recent call last):
  File "/home/airflow/.local/lib/python3.8/site-packages/airflow/models/taskinstance.py", line 433, in _execute_task
    result = execute_callable(context=context, **execute_callable_kwargs)
  File "/home/airflow/.local/lib/python3.8/site-packages/airflow/operators/python.py", line 199, in execute
    return_value = self.execute_callable()
  File "/home/airflow/.local/lib/python3.8/site-packages/airflow/operators/python.py", line 216, in execute_callable
    return self.python_callable(*self.op_args, **self.op_kwargs)
  File "/opt/airflow/dags/ingest_telemetry.py", line 84, in load_files_to_bigquery
    job.result()  # Wait for job to complete
  File "/home/airflow/.local/lib/python3.8/site-packages/google/cloud/bigquery/job/base.py", line 971, in result
    return super(_AsyncJob, self).result(timeout=timeout, **kwargs)
  File "/home/airflow/.local/lib/python3.8/site-packages/google/api_core/future/polling.py", line 261, in result
    raise self._exception
google.api_core.exceptions.Forbidden: 403 Exceeded rate limits: too many table update operations for this table. For more information, see https://cloud.google.com/bigquery/docs/troubleshoot-quotas; reason: rateLimitExceeded, location: table.write, message: Exceeded rate limits: too many table update operations for this table. For more information, see https://cloud.google.com/bigquery/docs/troubleshoot-quotas
[2026-02-17T18:20:10.145+0000] {taskinstance.py:1138} INFO - Marking task as UP_FOR_RETRY. dag_id=ingest_telemetry, task_id=load_to_bigquery, execution_date=20260217T181500, start_date=20260217T182001, end_date=20260217T182010
[2026-02-17T18:20:10.160+0000] {standard_task_runner.py:107} ERROR - Failed to execute job 48 for task load_to_bigquery (403 Exceeded rate limits: too many table update operations for this table. For more information, see https://cloud.google.com/bigquery/docs/troubleshoot-quotas; reason: rateLimitExceeded, location: table.write, message: Exceeded rate limits: too many table update operations for this table. For more information, see https://cloud.google.com/bigquery/docs/troubleshoot-quotas; 1183)
[2026-02-17T18:20:10.202+0000] {local_task_job_runner.py:234} INFO - Task exited with return code 1
[2026-02-17T18:20:10.224+0000] {taskinstance.py:3280} INFO - 0 downstream tasks scheduled from follow-on schedule check
