[2026-02-17T17:51:53.653+0000] {taskinstance.py:1956} INFO - Dependencies all met for dep_context=non-requeueable deps ti=<TaskInstance: ingest_telemetry.load_to_bigquery scheduled__2026-02-17T17:40:00+00:00 [queued]>
[2026-02-17T17:51:53.657+0000] {taskinstance.py:1956} INFO - Dependencies all met for dep_context=requeueable deps ti=<TaskInstance: ingest_telemetry.load_to_bigquery scheduled__2026-02-17T17:40:00+00:00 [queued]>
[2026-02-17T17:51:53.657+0000] {taskinstance.py:2170} INFO - Starting attempt 2 of 2
[2026-02-17T17:51:53.663+0000] {taskinstance.py:2191} INFO - Executing <Task(PythonOperator): load_to_bigquery> on 2026-02-17 17:40:00+00:00
[2026-02-17T17:51:53.667+0000] {standard_task_runner.py:60} INFO - Started process 799 to run task
[2026-02-17T17:51:53.672+0000] {standard_task_runner.py:87} INFO - Running: ['***', 'tasks', 'run', 'ingest_telemetry', 'load_to_bigquery', 'scheduled__2026-02-17T17:40:00+00:00', '--job-id', '30', '--raw', '--subdir', 'DAGS_FOLDER/ingest_telemetry.py', '--cfg-path', '/tmp/tmprw3jihuz']
[2026-02-17T17:51:53.676+0000] {standard_task_runner.py:88} INFO - Job 30: Subtask load_to_bigquery
[2026-02-17T17:51:53.710+0000] {task_command.py:423} INFO - Running <TaskInstance: ingest_telemetry.load_to_bigquery scheduled__2026-02-17T17:40:00+00:00 [running]> on host 173280efb2df
[2026-02-17T17:51:53.750+0000] {taskinstance.py:2480} INFO - Exporting env vars: AIRFLOW_CTX_DAG_OWNER='lawal' AIRFLOW_CTX_DAG_ID='ingest_telemetry' AIRFLOW_CTX_TASK_ID='load_to_bigquery' AIRFLOW_CTX_EXECUTION_DATE='2026-02-17T17:40:00+00:00' AIRFLOW_CTX_TRY_NUMBER='2' AIRFLOW_CTX_DAG_RUN_ID='scheduled__2026-02-17T17:40:00+00:00'
[2026-02-17T17:51:58.311+0000] {ingest_telemetry.py:86} INFO - Loaded telemetry/raw_20260214_131534.json → 4 rows
[2026-02-17T17:52:00.791+0000] {ingest_telemetry.py:86} INFO - Loaded telemetry/raw_20260214_131540.json → 8 rows
[2026-02-17T17:52:03.524+0000] {ingest_telemetry.py:86} INFO - Loaded telemetry/raw_20260214_131545.json → 9 rows
[2026-02-17T17:52:05.408+0000] {ingest_telemetry.py:86} INFO - Loaded telemetry/raw_20260214_131550.json → 12 rows
[2026-02-17T17:52:07.489+0000] {ingest_telemetry.py:86} INFO - Loaded telemetry/raw_20260214_131555.json → 15 rows
[2026-02-17T17:52:10.138+0000] {ingest_telemetry.py:86} INFO - Loaded telemetry/raw_20260214_131600.json → 17 rows
[2026-02-17T17:52:12.515+0000] {ingest_telemetry.py:86} INFO - Loaded telemetry/raw_20260214_131606.json → 18 rows
[2026-02-17T17:52:14.433+0000] {ingest_telemetry.py:86} INFO - Loaded telemetry/raw_20260214_131611.json → 19 rows
[2026-02-17T17:52:17.499+0000] {ingest_telemetry.py:86} INFO - Loaded telemetry/raw_20260214_131616.json → 19 rows
[2026-02-17T17:52:19.179+0000] {ingest_telemetry.py:86} INFO - Loaded telemetry/raw_20260214_131621.json → 19 rows
[2026-02-17T17:52:21.894+0000] {ingest_telemetry.py:86} INFO - Loaded telemetry/raw_20260214_131626.json → 19 rows
[2026-02-17T17:52:24.071+0000] {ingest_telemetry.py:86} INFO - Loaded telemetry/raw_20260214_131631.json → 20 rows
[2026-02-17T17:52:26.861+0000] {ingest_telemetry.py:86} INFO - Loaded telemetry/raw_20260214_131637.json → 20 rows
[2026-02-17T17:52:29.274+0000] {ingest_telemetry.py:86} INFO - Loaded telemetry/raw_20260214_131642.json → 20 rows
[2026-02-17T17:52:32.892+0000] {ingest_telemetry.py:86} INFO - Loaded telemetry/raw_20260214_131647.json → 20 rows
[2026-02-17T17:52:35.658+0000] {ingest_telemetry.py:86} INFO - Loaded telemetry/raw_20260214_131652.json → 20 rows
[2026-02-17T17:52:37.396+0000] {ingest_telemetry.py:86} INFO - Loaded telemetry/raw_20260214_131657.json → 20 rows
[2026-02-17T17:52:39.437+0000] {ingest_telemetry.py:86} INFO - Loaded telemetry/raw_20260214_131702.json → 20 rows
[2026-02-17T17:52:41.967+0000] {ingest_telemetry.py:86} INFO - Loaded telemetry/raw_20260214_131708.json → 20 rows
[2026-02-17T17:52:44.610+0000] {ingest_telemetry.py:86} INFO - Loaded telemetry/raw_20260214_131713.json → 20 rows
[2026-02-17T17:52:47.402+0000] {ingest_telemetry.py:86} INFO - Loaded telemetry/raw_20260214_131718.json → 20 rows
[2026-02-17T17:52:49.710+0000] {ingest_telemetry.py:86} INFO - Loaded telemetry/raw_20260214_131723.json → 20 rows
[2026-02-17T17:52:51.900+0000] {ingest_telemetry.py:86} INFO - Loaded telemetry/raw_20260214_131728.json → 20 rows
[2026-02-17T17:52:54.444+0000] {ingest_telemetry.py:86} INFO - Loaded telemetry/raw_20260214_131733.json → 20 rows
[2026-02-17T17:52:56.933+0000] {ingest_telemetry.py:86} INFO - Loaded telemetry/raw_20260214_131739.json → 20 rows
[2026-02-17T17:52:58.659+0000] {ingest_telemetry.py:86} INFO - Loaded telemetry/raw_20260214_131744.json → 20 rows
[2026-02-17T17:53:01.368+0000] {ingest_telemetry.py:86} INFO - Loaded telemetry/raw_20260214_131749.json → 20 rows
[2026-02-17T17:53:04.478+0000] {ingest_telemetry.py:86} INFO - Loaded telemetry/raw_20260214_131754.json → 20 rows
[2026-02-17T17:53:08.338+0000] {ingest_telemetry.py:86} INFO - Loaded telemetry/raw_20260214_131759.json → 20 rows
[2026-02-17T17:53:10.314+0000] {ingest_telemetry.py:86} INFO - Loaded telemetry/raw_20260214_131804.json → 20 rows
[2026-02-17T17:53:12.842+0000] {ingest_telemetry.py:86} INFO - Loaded telemetry/raw_20260214_131809.json → 20 rows
[2026-02-17T17:53:16.237+0000] {ingest_telemetry.py:86} INFO - Loaded telemetry/raw_20260214_131815.json → 20 rows
[2026-02-17T17:53:18.628+0000] {ingest_telemetry.py:86} INFO - Loaded telemetry/raw_20260214_131820.json → 20 rows
[2026-02-17T17:53:20.766+0000] {ingest_telemetry.py:86} INFO - Loaded telemetry/raw_20260214_131825.json → 20 rows
[2026-02-17T17:53:21.498+0000] {taskinstance.py:2698} ERROR - Task failed with exception
Traceback (most recent call last):
  File "/home/airflow/.local/lib/python3.8/site-packages/airflow/models/taskinstance.py", line 433, in _execute_task
    result = execute_callable(context=context, **execute_callable_kwargs)
  File "/home/airflow/.local/lib/python3.8/site-packages/airflow/operators/python.py", line 199, in execute
    return_value = self.execute_callable()
  File "/home/airflow/.local/lib/python3.8/site-packages/airflow/operators/python.py", line 216, in execute_callable
    return self.python_callable(*self.op_args, **self.op_kwargs)
  File "/opt/airflow/dags/ingest_telemetry.py", line 84, in load_files_to_bigquery
    job.result()  # Wait for job to complete
  File "/home/airflow/.local/lib/python3.8/site-packages/google/cloud/bigquery/job/base.py", line 971, in result
    return super(_AsyncJob, self).result(timeout=timeout, **kwargs)
  File "/home/airflow/.local/lib/python3.8/site-packages/google/api_core/future/polling.py", line 261, in result
    raise self._exception
google.api_core.exceptions.Forbidden: 403 Exceeded rate limits: too many table update operations for this table. For more information, see https://cloud.google.com/bigquery/docs/troubleshoot-quotas; reason: rateLimitExceeded, location: table.write, message: Exceeded rate limits: too many table update operations for this table. For more information, see https://cloud.google.com/bigquery/docs/troubleshoot-quotas
[2026-02-17T17:53:21.523+0000] {taskinstance.py:1138} INFO - Marking task as FAILED. dag_id=ingest_telemetry, task_id=load_to_bigquery, execution_date=20260217T174000, start_date=20260217T175153, end_date=20260217T175321
[2026-02-17T17:53:21.554+0000] {standard_task_runner.py:107} ERROR - Failed to execute job 30 for task load_to_bigquery (403 Exceeded rate limits: too many table update operations for this table. For more information, see https://cloud.google.com/bigquery/docs/troubleshoot-quotas; reason: rateLimitExceeded, location: table.write, message: Exceeded rate limits: too many table update operations for this table. For more information, see https://cloud.google.com/bigquery/docs/troubleshoot-quotas; 799)
[2026-02-17T17:53:21.609+0000] {local_task_job_runner.py:234} INFO - Task exited with return code 1
[2026-02-17T17:53:21.635+0000] {taskinstance.py:3280} INFO - 0 downstream tasks scheduled from follow-on schedule check
