[2026-02-17T17:45:02.445+0000] {taskinstance.py:1956} INFO - Dependencies all met for dep_context=non-requeueable deps ti=<TaskInstance: ingest_telemetry.load_to_bigquery scheduled__2026-02-17T17:40:00+00:00 [queued]>
[2026-02-17T17:45:02.450+0000] {taskinstance.py:1956} INFO - Dependencies all met for dep_context=requeueable deps ti=<TaskInstance: ingest_telemetry.load_to_bigquery scheduled__2026-02-17T17:40:00+00:00 [queued]>
[2026-02-17T17:45:02.451+0000] {taskinstance.py:2170} INFO - Starting attempt 1 of 2
[2026-02-17T17:45:02.457+0000] {taskinstance.py:2191} INFO - Executing <Task(PythonOperator): load_to_bigquery> on 2026-02-17 17:40:00+00:00
[2026-02-17T17:45:02.462+0000] {standard_task_runner.py:60} INFO - Started process 712 to run task
[2026-02-17T17:45:02.464+0000] {standard_task_runner.py:87} INFO - Running: ['***', 'tasks', 'run', 'ingest_telemetry', 'load_to_bigquery', 'scheduled__2026-02-17T17:40:00+00:00', '--job-id', '27', '--raw', '--subdir', 'DAGS_FOLDER/ingest_telemetry.py', '--cfg-path', '/tmp/tmppxmkyngk']
[2026-02-17T17:45:02.465+0000] {standard_task_runner.py:88} INFO - Job 27: Subtask load_to_bigquery
[2026-02-17T17:45:02.491+0000] {task_command.py:423} INFO - Running <TaskInstance: ingest_telemetry.load_to_bigquery scheduled__2026-02-17T17:40:00+00:00 [running]> on host 173280efb2df
[2026-02-17T17:45:02.528+0000] {taskinstance.py:2480} INFO - Exporting env vars: AIRFLOW_CTX_DAG_OWNER='lawal' AIRFLOW_CTX_DAG_ID='ingest_telemetry' AIRFLOW_CTX_TASK_ID='load_to_bigquery' AIRFLOW_CTX_EXECUTION_DATE='2026-02-17T17:40:00+00:00' AIRFLOW_CTX_TRY_NUMBER='1' AIRFLOW_CTX_DAG_RUN_ID='scheduled__2026-02-17T17:40:00+00:00'
[2026-02-17T17:45:04.841+0000] {ingest_telemetry.py:86} INFO - Loaded telemetry/raw_20260214_131534.json → 4 rows
[2026-02-17T17:45:07.014+0000] {ingest_telemetry.py:86} INFO - Loaded telemetry/raw_20260214_131540.json → 8 rows
[2026-02-17T17:45:08.961+0000] {ingest_telemetry.py:86} INFO - Loaded telemetry/raw_20260214_131545.json → 9 rows
[2026-02-17T17:45:11.046+0000] {ingest_telemetry.py:86} INFO - Loaded telemetry/raw_20260214_131550.json → 12 rows
[2026-02-17T17:45:13.290+0000] {ingest_telemetry.py:86} INFO - Loaded telemetry/raw_20260214_131555.json → 15 rows
[2026-02-17T17:45:16.643+0000] {ingest_telemetry.py:86} INFO - Loaded telemetry/raw_20260214_131600.json → 17 rows
[2026-02-17T17:45:19.538+0000] {ingest_telemetry.py:86} INFO - Loaded telemetry/raw_20260214_131606.json → 18 rows
[2026-02-17T17:45:23.255+0000] {ingest_telemetry.py:86} INFO - Loaded telemetry/raw_20260214_131611.json → 19 rows
[2026-02-17T17:45:25.061+0000] {ingest_telemetry.py:86} INFO - Loaded telemetry/raw_20260214_131616.json → 19 rows
[2026-02-17T17:45:28.886+0000] {ingest_telemetry.py:86} INFO - Loaded telemetry/raw_20260214_131621.json → 19 rows
[2026-02-17T17:45:32.249+0000] {ingest_telemetry.py:86} INFO - Loaded telemetry/raw_20260214_131626.json → 19 rows
[2026-02-17T17:45:34.771+0000] {ingest_telemetry.py:86} INFO - Loaded telemetry/raw_20260214_131631.json → 20 rows
[2026-02-17T17:45:38.069+0000] {ingest_telemetry.py:86} INFO - Loaded telemetry/raw_20260214_131637.json → 20 rows
[2026-02-17T17:45:40.432+0000] {ingest_telemetry.py:86} INFO - Loaded telemetry/raw_20260214_131642.json → 20 rows
[2026-02-17T17:45:43.499+0000] {ingest_telemetry.py:86} INFO - Loaded telemetry/raw_20260214_131647.json → 20 rows
[2026-02-17T17:45:46.073+0000] {ingest_telemetry.py:86} INFO - Loaded telemetry/raw_20260214_131652.json → 20 rows
[2026-02-17T17:45:47.835+0000] {ingest_telemetry.py:86} INFO - Loaded telemetry/raw_20260214_131657.json → 20 rows
[2026-02-17T17:45:51.606+0000] {ingest_telemetry.py:86} INFO - Loaded telemetry/raw_20260214_131702.json → 20 rows
[2026-02-17T17:45:55.149+0000] {ingest_telemetry.py:86} INFO - Loaded telemetry/raw_20260214_131708.json → 20 rows
[2026-02-17T17:46:00.243+0000] {ingest_telemetry.py:86} INFO - Loaded telemetry/raw_20260214_131713.json → 20 rows
[2026-02-17T17:46:02.928+0000] {ingest_telemetry.py:86} INFO - Loaded telemetry/raw_20260214_131718.json → 20 rows
[2026-02-17T17:46:05.295+0000] {ingest_telemetry.py:86} INFO - Loaded telemetry/raw_20260214_131723.json → 20 rows
[2026-02-17T17:46:08.702+0000] {ingest_telemetry.py:86} INFO - Loaded telemetry/raw_20260214_131728.json → 20 rows
[2026-02-17T17:46:11.041+0000] {ingest_telemetry.py:86} INFO - Loaded telemetry/raw_20260214_131733.json → 20 rows
[2026-02-17T17:46:12.925+0000] {ingest_telemetry.py:86} INFO - Loaded telemetry/raw_20260214_131739.json → 20 rows
[2026-02-17T17:46:14.934+0000] {ingest_telemetry.py:86} INFO - Loaded telemetry/raw_20260214_131744.json → 20 rows
[2026-02-17T17:46:17.490+0000] {ingest_telemetry.py:86} INFO - Loaded telemetry/raw_20260214_131749.json → 20 rows
[2026-02-17T17:46:20.393+0000] {ingest_telemetry.py:86} INFO - Loaded telemetry/raw_20260214_131754.json → 20 rows
[2026-02-17T17:46:22.822+0000] {ingest_telemetry.py:86} INFO - Loaded telemetry/raw_20260214_131759.json → 20 rows
[2026-02-17T17:46:25.004+0000] {ingest_telemetry.py:86} INFO - Loaded telemetry/raw_20260214_131804.json → 20 rows
[2026-02-17T17:46:28.360+0000] {ingest_telemetry.py:86} INFO - Loaded telemetry/raw_20260214_131809.json → 20 rows
[2026-02-17T17:46:31.157+0000] {ingest_telemetry.py:86} INFO - Loaded telemetry/raw_20260214_131815.json → 20 rows
[2026-02-17T17:46:34.107+0000] {ingest_telemetry.py:86} INFO - Loaded telemetry/raw_20260214_131820.json → 20 rows
[2026-02-17T17:46:36.146+0000] {ingest_telemetry.py:86} INFO - Loaded telemetry/raw_20260214_131825.json → 20 rows
[2026-02-17T17:46:39.346+0000] {ingest_telemetry.py:86} INFO - Loaded telemetry/raw_20260214_131830.json → 20 rows
[2026-02-17T17:46:42.522+0000] {ingest_telemetry.py:86} INFO - Loaded telemetry/raw_20260214_131835.json → 20 rows
[2026-02-17T17:46:45.551+0000] {ingest_telemetry.py:86} INFO - Loaded telemetry/raw_20260214_131840.json → 20 rows
[2026-02-17T17:46:48.848+0000] {ingest_telemetry.py:86} INFO - Loaded telemetry/raw_20260214_131846.json → 20 rows
[2026-02-17T17:46:51.876+0000] {ingest_telemetry.py:86} INFO - Loaded telemetry/raw_20260214_131851.json → 20 rows
[2026-02-17T17:46:55.623+0000] {ingest_telemetry.py:86} INFO - Loaded telemetry/raw_20260214_131856.json → 20 rows
[2026-02-17T17:46:57.747+0000] {ingest_telemetry.py:86} INFO - Loaded telemetry/raw_20260214_131901.json → 20 rows
[2026-02-17T17:46:59.607+0000] {ingest_telemetry.py:86} INFO - Loaded telemetry/raw_20260214_131906.json → 20 rows
[2026-02-17T17:47:02.043+0000] {ingest_telemetry.py:86} INFO - Loaded telemetry/raw_20260214_131911.json → 20 rows
[2026-02-17T17:47:04.623+0000] {ingest_telemetry.py:86} INFO - Loaded telemetry/raw_20260214_131917.json → 20 rows
[2026-02-17T17:47:06.726+0000] {ingest_telemetry.py:86} INFO - Loaded telemetry/raw_20260214_131922.json → 20 rows
[2026-02-17T17:47:09.813+0000] {ingest_telemetry.py:86} INFO - Loaded telemetry/raw_20260214_131927.json → 20 rows
[2026-02-17T17:47:12.673+0000] {ingest_telemetry.py:86} INFO - Loaded telemetry/raw_20260214_131932.json → 20 rows
[2026-02-17T17:47:14.968+0000] {ingest_telemetry.py:86} INFO - Loaded telemetry/raw_20260214_131937.json → 20 rows
[2026-02-17T17:47:18.475+0000] {ingest_telemetry.py:86} INFO - Loaded telemetry/raw_20260214_131942.json → 20 rows
[2026-02-17T17:47:20.653+0000] {ingest_telemetry.py:86} INFO - Loaded telemetry/raw_20260214_131948.json → 20 rows
[2026-02-17T17:47:23.097+0000] {ingest_telemetry.py:86} INFO - Loaded telemetry/raw_20260214_131953.json → 20 rows
[2026-02-17T17:47:26.360+0000] {ingest_telemetry.py:86} INFO - Loaded telemetry/raw_20260214_131958.json → 20 rows
[2026-02-17T17:47:28.941+0000] {ingest_telemetry.py:86} INFO - Loaded telemetry/raw_20260214_132003.json → 20 rows
[2026-02-17T17:47:30.624+0000] {ingest_telemetry.py:86} INFO - Loaded telemetry/raw_20260214_132008.json → 20 rows
[2026-02-17T17:47:34.491+0000] {ingest_telemetry.py:86} INFO - Loaded telemetry/raw_20260214_132013.json → 20 rows
[2026-02-17T17:47:38.935+0000] {ingest_telemetry.py:86} INFO - Loaded telemetry/raw_20260214_132018.json → 20 rows
[2026-02-17T17:47:41.288+0000] {ingest_telemetry.py:86} INFO - Loaded telemetry/raw_20260214_132024.json → 20 rows
[2026-02-17T17:47:43.316+0000] {ingest_telemetry.py:86} INFO - Loaded telemetry/raw_20260214_132029.json → 20 rows
[2026-02-17T17:47:45.301+0000] {ingest_telemetry.py:86} INFO - Loaded telemetry/raw_20260214_132034.json → 20 rows
[2026-02-17T17:47:47.514+0000] {ingest_telemetry.py:86} INFO - Loaded telemetry/raw_20260214_132039.json → 20 rows
[2026-02-17T17:47:50.708+0000] {ingest_telemetry.py:86} INFO - Loaded telemetry/raw_20260214_132044.json → 20 rows
[2026-02-17T17:47:53.044+0000] {ingest_telemetry.py:86} INFO - Loaded telemetry/raw_20260214_132050.json → 20 rows
[2026-02-17T17:47:56.948+0000] {ingest_telemetry.py:86} INFO - Loaded telemetry/raw_20260214_132055.json → 20 rows
[2026-02-17T17:47:59.557+0000] {ingest_telemetry.py:86} INFO - Loaded telemetry/raw_20260214_132100.json → 20 rows
[2026-02-17T17:48:01.338+0000] {ingest_telemetry.py:86} INFO - Loaded telemetry/raw_20260214_132105.json → 20 rows
[2026-02-17T17:48:03.113+0000] {ingest_telemetry.py:86} INFO - Loaded telemetry/raw_20260214_132110.json → 20 rows
[2026-02-17T17:48:06.634+0000] {ingest_telemetry.py:86} INFO - Loaded telemetry/raw_20260214_132115.json → 20 rows
[2026-02-17T17:48:09.389+0000] {ingest_telemetry.py:86} INFO - Loaded telemetry/raw_20260214_132121.json → 20 rows
[2026-02-17T17:48:12.758+0000] {ingest_telemetry.py:86} INFO - Loaded telemetry/raw_20260214_132126.json → 20 rows
[2026-02-17T17:48:15.300+0000] {ingest_telemetry.py:86} INFO - Loaded telemetry/raw_20260214_132131.json → 20 rows
[2026-02-17T17:48:17.550+0000] {ingest_telemetry.py:86} INFO - Loaded telemetry/raw_20260214_132136.json → 20 rows
[2026-02-17T17:48:20.238+0000] {ingest_telemetry.py:86} INFO - Loaded telemetry/raw_20260214_132141.json → 20 rows
[2026-02-17T17:48:24.486+0000] {ingest_telemetry.py:86} INFO - Loaded telemetry/raw_20260214_132146.json → 20 rows
[2026-02-17T17:48:28.301+0000] {ingest_telemetry.py:86} INFO - Loaded telemetry/raw_20260214_132152.json → 21 rows
[2026-02-17T17:48:31.226+0000] {ingest_telemetry.py:86} INFO - Loaded telemetry/raw_20260214_132157.json → 19 rows
[2026-02-17T17:48:33.396+0000] {ingest_telemetry.py:86} INFO - Loaded telemetry/raw_20260214_132202.json → 20 rows
[2026-02-17T17:48:35.843+0000] {ingest_telemetry.py:86} INFO - Loaded telemetry/raw_20260214_132207.json → 20 rows
[2026-02-17T17:48:38.843+0000] {ingest_telemetry.py:86} INFO - Loaded telemetry/raw_20260214_132212.json → 20 rows
[2026-02-17T17:48:41.737+0000] {ingest_telemetry.py:86} INFO - Loaded telemetry/raw_20260214_132217.json → 20 rows
[2026-02-17T17:48:44.427+0000] {ingest_telemetry.py:86} INFO - Loaded telemetry/raw_20260214_132223.json → 20 rows
[2026-02-17T17:48:47.014+0000] {ingest_telemetry.py:86} INFO - Loaded telemetry/raw_20260214_132228.json → 20 rows
[2026-02-17T17:48:49.494+0000] {ingest_telemetry.py:86} INFO - Loaded telemetry/raw_20260214_132233.json → 20 rows
[2026-02-17T17:48:52.164+0000] {ingest_telemetry.py:86} INFO - Loaded telemetry/raw_20260214_132238.json → 20 rows
[2026-02-17T17:48:54.265+0000] {ingest_telemetry.py:86} INFO - Loaded telemetry/raw_20260214_132243.json → 20 rows
[2026-02-17T17:48:56.778+0000] {ingest_telemetry.py:86} INFO - Loaded telemetry/raw_20260214_132248.json → 20 rows
[2026-02-17T17:48:59.971+0000] {ingest_telemetry.py:86} INFO - Loaded telemetry/raw_20260214_132254.json → 20 rows
[2026-02-17T17:49:04.892+0000] {ingest_telemetry.py:86} INFO - Loaded telemetry/raw_20260214_132259.json → 20 rows
[2026-02-17T17:49:07.242+0000] {ingest_telemetry.py:86} INFO - Loaded telemetry/raw_20260214_132304.json → 20 rows
[2026-02-17T17:49:09.539+0000] {ingest_telemetry.py:86} INFO - Loaded telemetry/raw_20260214_132309.json → 20 rows
[2026-02-17T17:49:11.327+0000] {ingest_telemetry.py:86} INFO - Loaded telemetry/raw_20260214_132314.json → 20 rows
[2026-02-17T17:49:13.072+0000] {ingest_telemetry.py:86} INFO - Loaded telemetry/raw_20260214_132319.json → 21 rows
[2026-02-17T17:49:14.950+0000] {ingest_telemetry.py:86} INFO - Loaded telemetry/raw_20260214_132325.json → 19 rows
[2026-02-17T17:49:18.827+0000] {ingest_telemetry.py:86} INFO - Loaded telemetry/raw_20260214_132330.json → 19 rows
[2026-02-17T17:49:21.587+0000] {ingest_telemetry.py:86} INFO - Loaded telemetry/raw_20260214_132335.json → 20 rows
[2026-02-17T17:49:26.515+0000] {ingest_telemetry.py:86} INFO - Loaded telemetry/raw_20260214_132340.json → 20 rows
[2026-02-17T17:49:28.697+0000] {ingest_telemetry.py:86} INFO - Loaded telemetry/raw_20260214_132345.json → 20 rows
[2026-02-17T17:49:32.147+0000] {ingest_telemetry.py:86} INFO - Loaded telemetry/raw_20260214_132351.json → 20 rows
[2026-02-17T17:49:34.796+0000] {ingest_telemetry.py:86} INFO - Loaded telemetry/raw_20260214_132356.json → 20 rows
[2026-02-17T17:49:36.910+0000] {ingest_telemetry.py:86} INFO - Loaded telemetry/raw_20260214_132401.json → 20 rows
[2026-02-17T17:49:38.982+0000] {ingest_telemetry.py:86} INFO - Loaded telemetry/raw_20260214_132406.json → 21 rows
[2026-02-17T17:49:41.856+0000] {ingest_telemetry.py:86} INFO - Loaded telemetry/raw_20260214_132412.json → 19 rows
[2026-02-17T17:49:43.883+0000] {ingest_telemetry.py:86} INFO - Loaded telemetry/raw_20260214_132417.json → 20 rows
[2026-02-17T17:49:45.866+0000] {ingest_telemetry.py:86} INFO - Loaded telemetry/raw_20260214_132422.json → 20 rows
[2026-02-17T17:49:47.707+0000] {ingest_telemetry.py:86} INFO - Loaded telemetry/raw_20260214_132427.json → 20 rows
[2026-02-17T17:49:49.704+0000] {ingest_telemetry.py:86} INFO - Loaded telemetry/raw_20260214_132432.json → 21 rows
[2026-02-17T17:49:51.864+0000] {ingest_telemetry.py:86} INFO - Loaded telemetry/raw_20260214_132437.json → 19 rows
[2026-02-17T17:49:52.599+0000] {taskinstance.py:2698} ERROR - Task failed with exception
Traceback (most recent call last):
  File "/home/airflow/.local/lib/python3.8/site-packages/airflow/models/taskinstance.py", line 433, in _execute_task
    result = execute_callable(context=context, **execute_callable_kwargs)
  File "/home/airflow/.local/lib/python3.8/site-packages/airflow/operators/python.py", line 199, in execute
    return_value = self.execute_callable()
  File "/home/airflow/.local/lib/python3.8/site-packages/airflow/operators/python.py", line 216, in execute_callable
    return self.python_callable(*self.op_args, **self.op_kwargs)
  File "/opt/airflow/dags/ingest_telemetry.py", line 84, in load_files_to_bigquery
    job.result()  # Wait for job to complete
  File "/home/airflow/.local/lib/python3.8/site-packages/google/cloud/bigquery/job/base.py", line 971, in result
    return super(_AsyncJob, self).result(timeout=timeout, **kwargs)
  File "/home/airflow/.local/lib/python3.8/site-packages/google/api_core/future/polling.py", line 261, in result
    raise self._exception
google.api_core.exceptions.Forbidden: 403 Exceeded rate limits: too many table update operations for this table. For more information, see https://cloud.google.com/bigquery/docs/troubleshoot-quotas; reason: rateLimitExceeded, location: table.write, message: Exceeded rate limits: too many table update operations for this table. For more information, see https://cloud.google.com/bigquery/docs/troubleshoot-quotas
[2026-02-17T17:49:52.621+0000] {taskinstance.py:1138} INFO - Marking task as UP_FOR_RETRY. dag_id=ingest_telemetry, task_id=load_to_bigquery, execution_date=20260217T174000, start_date=20260217T174502, end_date=20260217T174952
[2026-02-17T17:49:52.639+0000] {standard_task_runner.py:107} ERROR - Failed to execute job 27 for task load_to_bigquery (403 Exceeded rate limits: too many table update operations for this table. For more information, see https://cloud.google.com/bigquery/docs/troubleshoot-quotas; reason: rateLimitExceeded, location: table.write, message: Exceeded rate limits: too many table update operations for this table. For more information, see https://cloud.google.com/bigquery/docs/troubleshoot-quotas; 712)
[2026-02-17T17:49:52.650+0000] {local_task_job_runner.py:234} INFO - Task exited with return code 1
[2026-02-17T17:49:52.671+0000] {taskinstance.py:3280} INFO - 0 downstream tasks scheduled from follow-on schedule check
