[2026-02-17T17:05:35.911+0000] {taskinstance.py:1956} INFO - Dependencies all met for dep_context=non-requeueable deps ti=<TaskInstance: ingest_telemetry.load_to_bigquery scheduled__2026-02-17T17:00:00+00:00 [queued]>
[2026-02-17T17:05:35.915+0000] {taskinstance.py:1956} INFO - Dependencies all met for dep_context=requeueable deps ti=<TaskInstance: ingest_telemetry.load_to_bigquery scheduled__2026-02-17T17:00:00+00:00 [queued]>
[2026-02-17T17:05:35.915+0000] {taskinstance.py:2170} INFO - Starting attempt 1 of 2
[2026-02-17T17:05:35.922+0000] {taskinstance.py:2191} INFO - Executing <Task(PythonOperator): load_to_bigquery> on 2026-02-17 17:00:00+00:00
[2026-02-17T17:05:35.926+0000] {standard_task_runner.py:60} INFO - Started process 178 to run task
[2026-02-17T17:05:35.928+0000] {standard_task_runner.py:87} INFO - Running: ['***', 'tasks', 'run', 'ingest_telemetry', 'load_to_bigquery', 'scheduled__2026-02-17T17:00:00+00:00', '--job-id', '3', '--raw', '--subdir', 'DAGS_FOLDER/ingest_telemetry.py', '--cfg-path', '/tmp/tmpvxqkdlix']
[2026-02-17T17:05:35.929+0000] {standard_task_runner.py:88} INFO - Job 3: Subtask load_to_bigquery
[2026-02-17T17:05:35.963+0000] {task_command.py:423} INFO - Running <TaskInstance: ingest_telemetry.load_to_bigquery scheduled__2026-02-17T17:00:00+00:00 [running]> on host 173280efb2df
[2026-02-17T17:05:36.002+0000] {taskinstance.py:2480} INFO - Exporting env vars: AIRFLOW_CTX_DAG_OWNER='lawal' AIRFLOW_CTX_DAG_ID='ingest_telemetry' AIRFLOW_CTX_TASK_ID='load_to_bigquery' AIRFLOW_CTX_EXECUTION_DATE='2026-02-17T17:00:00+00:00' AIRFLOW_CTX_TRY_NUMBER='1' AIRFLOW_CTX_DAG_RUN_ID='scheduled__2026-02-17T17:00:00+00:00'
[2026-02-17T17:05:39.920+0000] {ingest_telemetry.py:86} INFO - Loaded telemetry/raw_20260214_131534.json → 4 rows
[2026-02-17T17:05:43.023+0000] {ingest_telemetry.py:86} INFO - Loaded telemetry/raw_20260214_131540.json → 8 rows
[2026-02-17T17:05:47.140+0000] {ingest_telemetry.py:86} INFO - Loaded telemetry/raw_20260214_131545.json → 9 rows
[2026-02-17T17:05:51.115+0000] {ingest_telemetry.py:86} INFO - Loaded telemetry/raw_20260214_131550.json → 12 rows
[2026-02-17T17:05:53.166+0000] {ingest_telemetry.py:86} INFO - Loaded telemetry/raw_20260214_131555.json → 15 rows
[2026-02-17T17:05:58.415+0000] {ingest_telemetry.py:86} INFO - Loaded telemetry/raw_20260214_131600.json → 17 rows
[2026-02-17T17:06:00.759+0000] {ingest_telemetry.py:86} INFO - Loaded telemetry/raw_20260214_131606.json → 18 rows
[2026-02-17T17:06:03.443+0000] {ingest_telemetry.py:86} INFO - Loaded telemetry/raw_20260214_131611.json → 19 rows
[2026-02-17T17:06:05.914+0000] {ingest_telemetry.py:86} INFO - Loaded telemetry/raw_20260214_131616.json → 19 rows
[2026-02-17T17:06:10.219+0000] {ingest_telemetry.py:86} INFO - Loaded telemetry/raw_20260214_131621.json → 19 rows
[2026-02-17T17:06:13.080+0000] {ingest_telemetry.py:86} INFO - Loaded telemetry/raw_20260214_131626.json → 19 rows
[2026-02-17T17:06:15.700+0000] {ingest_telemetry.py:86} INFO - Loaded telemetry/raw_20260214_131631.json → 20 rows
[2026-02-17T17:06:18.059+0000] {ingest_telemetry.py:86} INFO - Loaded telemetry/raw_20260214_131637.json → 20 rows
[2026-02-17T17:06:20.746+0000] {ingest_telemetry.py:86} INFO - Loaded telemetry/raw_20260214_131642.json → 20 rows
[2026-02-17T17:06:23.881+0000] {ingest_telemetry.py:86} INFO - Loaded telemetry/raw_20260214_131647.json → 20 rows
[2026-02-17T17:06:25.945+0000] {ingest_telemetry.py:86} INFO - Loaded telemetry/raw_20260214_131652.json → 20 rows
[2026-02-17T17:06:30.034+0000] {ingest_telemetry.py:86} INFO - Loaded telemetry/raw_20260214_131657.json → 20 rows
[2026-02-17T17:06:32.649+0000] {ingest_telemetry.py:86} INFO - Loaded telemetry/raw_20260214_131702.json → 20 rows
[2026-02-17T17:06:35.846+0000] {ingest_telemetry.py:86} INFO - Loaded telemetry/raw_20260214_131708.json → 20 rows
[2026-02-17T17:06:37.964+0000] {ingest_telemetry.py:86} INFO - Loaded telemetry/raw_20260214_131713.json → 20 rows
[2026-02-17T17:06:40.298+0000] {ingest_telemetry.py:86} INFO - Loaded telemetry/raw_20260214_131718.json → 20 rows
[2026-02-17T17:06:43.404+0000] {ingest_telemetry.py:86} INFO - Loaded telemetry/raw_20260214_131723.json → 20 rows
[2026-02-17T17:06:46.319+0000] {ingest_telemetry.py:86} INFO - Loaded telemetry/raw_20260214_131728.json → 20 rows
[2026-02-17T17:06:48.842+0000] {ingest_telemetry.py:86} INFO - Loaded telemetry/raw_20260214_131733.json → 20 rows
[2026-02-17T17:06:51.032+0000] {ingest_telemetry.py:86} INFO - Loaded telemetry/raw_20260214_131739.json → 20 rows
[2026-02-17T17:06:53.759+0000] {ingest_telemetry.py:86} INFO - Loaded telemetry/raw_20260214_131744.json → 20 rows
[2026-02-17T17:06:55.903+0000] {ingest_telemetry.py:86} INFO - Loaded telemetry/raw_20260214_131749.json → 20 rows
[2026-02-17T17:06:59.712+0000] {ingest_telemetry.py:86} INFO - Loaded telemetry/raw_20260214_131754.json → 20 rows
[2026-02-17T17:07:02.586+0000] {ingest_telemetry.py:86} INFO - Loaded telemetry/raw_20260214_131759.json → 20 rows
[2026-02-17T17:07:04.811+0000] {ingest_telemetry.py:86} INFO - Loaded telemetry/raw_20260214_131804.json → 20 rows
[2026-02-17T17:07:07.535+0000] {ingest_telemetry.py:86} INFO - Loaded telemetry/raw_20260214_131809.json → 20 rows
[2026-02-17T17:07:10.404+0000] {ingest_telemetry.py:86} INFO - Loaded telemetry/raw_20260214_131815.json → 20 rows
[2026-02-17T17:07:13.067+0000] {ingest_telemetry.py:86} INFO - Loaded telemetry/raw_20260214_131820.json → 20 rows
[2026-02-17T17:07:15.838+0000] {ingest_telemetry.py:86} INFO - Loaded telemetry/raw_20260214_131825.json → 20 rows
[2026-02-17T17:07:18.459+0000] {ingest_telemetry.py:86} INFO - Loaded telemetry/raw_20260214_131830.json → 20 rows
[2026-02-17T17:07:22.207+0000] {ingest_telemetry.py:86} INFO - Loaded telemetry/raw_20260214_131835.json → 20 rows
[2026-02-17T17:07:25.141+0000] {ingest_telemetry.py:86} INFO - Loaded telemetry/raw_20260214_131840.json → 20 rows
[2026-02-17T17:07:27.636+0000] {ingest_telemetry.py:86} INFO - Loaded telemetry/raw_20260214_131846.json → 20 rows
[2026-02-17T17:07:31.044+0000] {ingest_telemetry.py:86} INFO - Loaded telemetry/raw_20260214_131851.json → 20 rows
[2026-02-17T17:07:34.861+0000] {ingest_telemetry.py:86} INFO - Loaded telemetry/raw_20260214_131856.json → 20 rows
[2026-02-17T17:07:37.609+0000] {ingest_telemetry.py:86} INFO - Loaded telemetry/raw_20260214_131901.json → 20 rows
[2026-02-17T17:07:39.460+0000] {ingest_telemetry.py:86} INFO - Loaded telemetry/raw_20260214_131906.json → 20 rows
[2026-02-17T17:07:41.596+0000] {ingest_telemetry.py:86} INFO - Loaded telemetry/raw_20260214_131911.json → 20 rows
[2026-02-17T17:07:43.593+0000] {ingest_telemetry.py:86} INFO - Loaded telemetry/raw_20260214_131917.json → 20 rows
[2026-02-17T17:07:46.630+0000] {ingest_telemetry.py:86} INFO - Loaded telemetry/raw_20260214_131922.json → 20 rows
[2026-02-17T17:07:49.436+0000] {ingest_telemetry.py:86} INFO - Loaded telemetry/raw_20260214_131927.json → 20 rows
[2026-02-17T17:07:51.454+0000] {ingest_telemetry.py:86} INFO - Loaded telemetry/raw_20260214_131932.json → 20 rows
[2026-02-17T17:07:53.575+0000] {ingest_telemetry.py:86} INFO - Loaded telemetry/raw_20260214_131937.json → 20 rows
[2026-02-17T17:07:55.839+0000] {ingest_telemetry.py:86} INFO - Loaded telemetry/raw_20260214_131942.json → 20 rows
[2026-02-17T17:07:58.286+0000] {ingest_telemetry.py:86} INFO - Loaded telemetry/raw_20260214_131948.json → 20 rows
[2026-02-17T17:08:00.829+0000] {ingest_telemetry.py:86} INFO - Loaded telemetry/raw_20260214_131953.json → 20 rows
[2026-02-17T17:08:04.407+0000] {ingest_telemetry.py:86} INFO - Loaded telemetry/raw_20260214_131958.json → 20 rows
[2026-02-17T17:08:06.576+0000] {ingest_telemetry.py:86} INFO - Loaded telemetry/raw_20260214_132003.json → 20 rows
[2026-02-17T17:08:13.089+0000] {ingest_telemetry.py:86} INFO - Loaded telemetry/raw_20260214_132008.json → 20 rows
[2026-02-17T17:08:15.435+0000] {ingest_telemetry.py:86} INFO - Loaded telemetry/raw_20260214_132013.json → 20 rows
[2026-02-17T17:08:18.323+0000] {ingest_telemetry.py:86} INFO - Loaded telemetry/raw_20260214_132018.json → 20 rows
[2026-02-17T17:08:20.572+0000] {ingest_telemetry.py:86} INFO - Loaded telemetry/raw_20260214_132024.json → 20 rows
[2026-02-17T17:08:23.210+0000] {ingest_telemetry.py:86} INFO - Loaded telemetry/raw_20260214_132029.json → 20 rows
[2026-02-17T17:08:26.584+0000] {ingest_telemetry.py:86} INFO - Loaded telemetry/raw_20260214_132034.json → 20 rows
[2026-02-17T17:08:29.379+0000] {ingest_telemetry.py:86} INFO - Loaded telemetry/raw_20260214_132039.json → 20 rows
[2026-02-17T17:08:31.538+0000] {ingest_telemetry.py:86} INFO - Loaded telemetry/raw_20260214_132044.json → 20 rows
[2026-02-17T17:08:33.524+0000] {ingest_telemetry.py:86} INFO - Loaded telemetry/raw_20260214_132050.json → 20 rows
[2026-02-17T17:08:35.990+0000] {ingest_telemetry.py:86} INFO - Loaded telemetry/raw_20260214_132055.json → 20 rows
[2026-02-17T17:08:38.855+0000] {ingest_telemetry.py:86} INFO - Loaded telemetry/raw_20260214_132100.json → 20 rows
[2026-02-17T17:08:40.689+0000] {ingest_telemetry.py:86} INFO - Loaded telemetry/raw_20260214_132105.json → 20 rows
[2026-02-17T17:08:44.661+0000] {ingest_telemetry.py:86} INFO - Loaded telemetry/raw_20260214_132110.json → 20 rows
[2026-02-17T17:08:46.536+0000] {ingest_telemetry.py:86} INFO - Loaded telemetry/raw_20260214_132115.json → 20 rows
[2026-02-17T17:08:50.538+0000] {ingest_telemetry.py:86} INFO - Loaded telemetry/raw_20260214_132121.json → 20 rows
[2026-02-17T17:08:52.961+0000] {ingest_telemetry.py:86} INFO - Loaded telemetry/raw_20260214_132126.json → 20 rows
[2026-02-17T17:08:55.838+0000] {ingest_telemetry.py:86} INFO - Loaded telemetry/raw_20260214_132131.json → 20 rows
[2026-02-17T17:08:58.684+0000] {ingest_telemetry.py:86} INFO - Loaded telemetry/raw_20260214_132136.json → 20 rows
[2026-02-17T17:09:00.808+0000] {ingest_telemetry.py:86} INFO - Loaded telemetry/raw_20260214_132141.json → 20 rows
[2026-02-17T17:09:04.166+0000] {ingest_telemetry.py:86} INFO - Loaded telemetry/raw_20260214_132146.json → 20 rows
[2026-02-17T17:09:09.702+0000] {ingest_telemetry.py:86} INFO - Loaded telemetry/raw_20260214_132152.json → 21 rows
[2026-02-17T17:09:12.405+0000] {ingest_telemetry.py:86} INFO - Loaded telemetry/raw_20260214_132157.json → 19 rows
[2026-02-17T17:09:15.057+0000] {ingest_telemetry.py:86} INFO - Loaded telemetry/raw_20260214_132202.json → 20 rows
[2026-02-17T17:09:16.883+0000] {ingest_telemetry.py:86} INFO - Loaded telemetry/raw_20260214_132207.json → 20 rows
[2026-02-17T17:09:19.851+0000] {ingest_telemetry.py:86} INFO - Loaded telemetry/raw_20260214_132212.json → 20 rows
[2026-02-17T17:09:22.454+0000] {ingest_telemetry.py:86} INFO - Loaded telemetry/raw_20260214_132217.json → 20 rows
[2026-02-17T17:09:24.730+0000] {ingest_telemetry.py:86} INFO - Loaded telemetry/raw_20260214_132223.json → 20 rows
[2026-02-17T17:09:26.739+0000] {ingest_telemetry.py:86} INFO - Loaded telemetry/raw_20260214_132228.json → 20 rows
[2026-02-17T17:09:29.055+0000] {ingest_telemetry.py:86} INFO - Loaded telemetry/raw_20260214_132233.json → 20 rows
[2026-02-17T17:09:31.238+0000] {ingest_telemetry.py:86} INFO - Loaded telemetry/raw_20260214_132238.json → 20 rows
[2026-02-17T17:09:34.735+0000] {ingest_telemetry.py:86} INFO - Loaded telemetry/raw_20260214_132243.json → 20 rows
[2026-02-17T17:09:37.883+0000] {ingest_telemetry.py:86} INFO - Loaded telemetry/raw_20260214_132248.json → 20 rows
[2026-02-17T17:09:41.464+0000] {ingest_telemetry.py:86} INFO - Loaded telemetry/raw_20260214_132254.json → 20 rows
[2026-02-17T17:09:44.116+0000] {ingest_telemetry.py:86} INFO - Loaded telemetry/raw_20260214_132259.json → 20 rows
[2026-02-17T17:09:46.754+0000] {ingest_telemetry.py:86} INFO - Loaded telemetry/raw_20260214_132304.json → 20 rows
[2026-02-17T17:09:48.860+0000] {ingest_telemetry.py:86} INFO - Loaded telemetry/raw_20260214_132309.json → 20 rows
[2026-02-17T17:09:52.053+0000] {ingest_telemetry.py:86} INFO - Loaded telemetry/raw_20260214_132314.json → 20 rows
[2026-02-17T17:09:54.003+0000] {ingest_telemetry.py:86} INFO - Loaded telemetry/raw_20260214_132319.json → 21 rows
[2026-02-17T17:09:56.913+0000] {ingest_telemetry.py:86} INFO - Loaded telemetry/raw_20260214_132325.json → 19 rows
[2026-02-17T17:09:59.765+0000] {ingest_telemetry.py:86} INFO - Loaded telemetry/raw_20260214_132330.json → 19 rows
[2026-02-17T17:10:02.963+0000] {ingest_telemetry.py:86} INFO - Loaded telemetry/raw_20260214_132335.json → 20 rows
[2026-02-17T17:10:05.455+0000] {ingest_telemetry.py:86} INFO - Loaded telemetry/raw_20260214_132340.json → 20 rows
[2026-02-17T17:10:07.732+0000] {ingest_telemetry.py:86} INFO - Loaded telemetry/raw_20260214_132345.json → 20 rows
[2026-02-17T17:10:11.940+0000] {ingest_telemetry.py:86} INFO - Loaded telemetry/raw_20260214_132351.json → 20 rows
[2026-02-17T17:10:14.936+0000] {ingest_telemetry.py:86} INFO - Loaded telemetry/raw_20260214_132356.json → 20 rows
[2026-02-17T17:10:15.563+0000] {taskinstance.py:2698} ERROR - Task failed with exception
Traceback (most recent call last):
  File "/home/airflow/.local/lib/python3.8/site-packages/airflow/models/taskinstance.py", line 433, in _execute_task
    result = execute_callable(context=context, **execute_callable_kwargs)
  File "/home/airflow/.local/lib/python3.8/site-packages/airflow/operators/python.py", line 199, in execute
    return_value = self.execute_callable()
  File "/home/airflow/.local/lib/python3.8/site-packages/airflow/operators/python.py", line 216, in execute_callable
    return self.python_callable(*self.op_args, **self.op_kwargs)
  File "/opt/airflow/dags/ingest_telemetry.py", line 84, in load_files_to_bigquery
    job.result()  # Wait for job to complete
  File "/home/airflow/.local/lib/python3.8/site-packages/google/cloud/bigquery/job/base.py", line 971, in result
    return super(_AsyncJob, self).result(timeout=timeout, **kwargs)
  File "/home/airflow/.local/lib/python3.8/site-packages/google/api_core/future/polling.py", line 261, in result
    raise self._exception
google.api_core.exceptions.Forbidden: 403 Exceeded rate limits: too many table update operations for this table. For more information, see https://cloud.google.com/bigquery/docs/troubleshoot-quotas; reason: rateLimitExceeded, location: table.write, message: Exceeded rate limits: too many table update operations for this table. For more information, see https://cloud.google.com/bigquery/docs/troubleshoot-quotas
[2026-02-17T17:10:15.589+0000] {taskinstance.py:1138} INFO - Marking task as UP_FOR_RETRY. dag_id=ingest_telemetry, task_id=load_to_bigquery, execution_date=20260217T170000, start_date=20260217T170535, end_date=20260217T171015
[2026-02-17T17:10:15.605+0000] {standard_task_runner.py:107} ERROR - Failed to execute job 3 for task load_to_bigquery (403 Exceeded rate limits: too many table update operations for this table. For more information, see https://cloud.google.com/bigquery/docs/troubleshoot-quotas; reason: rateLimitExceeded, location: table.write, message: Exceeded rate limits: too many table update operations for this table. For more information, see https://cloud.google.com/bigquery/docs/troubleshoot-quotas; 178)
[2026-02-17T17:10:15.656+0000] {local_task_job_runner.py:234} INFO - Task exited with return code 1
[2026-02-17T17:10:15.688+0000] {taskinstance.py:3280} INFO - 0 downstream tasks scheduled from follow-on schedule check
