[2026-02-17T17:55:02.567+0000] {taskinstance.py:1956} INFO - Dependencies all met for dep_context=non-requeueable deps ti=<TaskInstance: ingest_telemetry.load_to_bigquery scheduled__2026-02-17T17:50:00+00:00 [queued]>
[2026-02-17T17:55:02.570+0000] {taskinstance.py:1956} INFO - Dependencies all met for dep_context=requeueable deps ti=<TaskInstance: ingest_telemetry.load_to_bigquery scheduled__2026-02-17T17:50:00+00:00 [queued]>
[2026-02-17T17:55:02.570+0000] {taskinstance.py:2170} INFO - Starting attempt 1 of 2
[2026-02-17T17:55:02.576+0000] {taskinstance.py:2191} INFO - Executing <Task(PythonOperator): load_to_bigquery> on 2026-02-17 17:50:00+00:00
[2026-02-17T17:55:02.581+0000] {standard_task_runner.py:60} INFO - Started process 844 to run task
[2026-02-17T17:55:02.583+0000] {standard_task_runner.py:87} INFO - Running: ['***', 'tasks', 'run', 'ingest_telemetry', 'load_to_bigquery', 'scheduled__2026-02-17T17:50:00+00:00', '--job-id', '33', '--raw', '--subdir', 'DAGS_FOLDER/ingest_telemetry.py', '--cfg-path', '/tmp/tmp0iqg9lpx']
[2026-02-17T17:55:02.584+0000] {standard_task_runner.py:88} INFO - Job 33: Subtask load_to_bigquery
[2026-02-17T17:55:02.607+0000] {task_command.py:423} INFO - Running <TaskInstance: ingest_telemetry.load_to_bigquery scheduled__2026-02-17T17:50:00+00:00 [running]> on host 173280efb2df
[2026-02-17T17:55:02.641+0000] {taskinstance.py:2480} INFO - Exporting env vars: AIRFLOW_CTX_DAG_OWNER='lawal' AIRFLOW_CTX_DAG_ID='ingest_telemetry' AIRFLOW_CTX_TASK_ID='load_to_bigquery' AIRFLOW_CTX_EXECUTION_DATE='2026-02-17T17:50:00+00:00' AIRFLOW_CTX_TRY_NUMBER='1' AIRFLOW_CTX_DAG_RUN_ID='scheduled__2026-02-17T17:50:00+00:00'
[2026-02-17T17:55:05.595+0000] {ingest_telemetry.py:86} INFO - Loaded telemetry/raw_20260214_131534.json → 4 rows
[2026-02-17T17:55:07.883+0000] {ingest_telemetry.py:86} INFO - Loaded telemetry/raw_20260214_131540.json → 8 rows
[2026-02-17T17:55:10.727+0000] {ingest_telemetry.py:86} INFO - Loaded telemetry/raw_20260214_131545.json → 9 rows
[2026-02-17T17:55:13.134+0000] {ingest_telemetry.py:86} INFO - Loaded telemetry/raw_20260214_131550.json → 12 rows
[2026-02-17T17:55:15.815+0000] {ingest_telemetry.py:86} INFO - Loaded telemetry/raw_20260214_131555.json → 15 rows
[2026-02-17T17:55:18.854+0000] {ingest_telemetry.py:86} INFO - Loaded telemetry/raw_20260214_131600.json → 17 rows
[2026-02-17T17:55:20.679+0000] {ingest_telemetry.py:86} INFO - Loaded telemetry/raw_20260214_131606.json → 18 rows
[2026-02-17T17:55:23.003+0000] {ingest_telemetry.py:86} INFO - Loaded telemetry/raw_20260214_131611.json → 19 rows
[2026-02-17T17:55:24.952+0000] {ingest_telemetry.py:86} INFO - Loaded telemetry/raw_20260214_131616.json → 19 rows
[2026-02-17T17:55:27.217+0000] {ingest_telemetry.py:86} INFO - Loaded telemetry/raw_20260214_131621.json → 19 rows
[2026-02-17T17:55:29.236+0000] {ingest_telemetry.py:86} INFO - Loaded telemetry/raw_20260214_131626.json → 19 rows
[2026-02-17T17:55:32.018+0000] {ingest_telemetry.py:86} INFO - Loaded telemetry/raw_20260214_131631.json → 20 rows
[2026-02-17T17:55:34.292+0000] {ingest_telemetry.py:86} INFO - Loaded telemetry/raw_20260214_131637.json → 20 rows
[2026-02-17T17:55:37.490+0000] {ingest_telemetry.py:86} INFO - Loaded telemetry/raw_20260214_131642.json → 20 rows
[2026-02-17T17:55:39.988+0000] {ingest_telemetry.py:86} INFO - Loaded telemetry/raw_20260214_131647.json → 20 rows
[2026-02-17T17:55:42.929+0000] {ingest_telemetry.py:86} INFO - Loaded telemetry/raw_20260214_131652.json → 20 rows
[2026-02-17T17:55:45.698+0000] {ingest_telemetry.py:86} INFO - Loaded telemetry/raw_20260214_131657.json → 20 rows
[2026-02-17T17:55:47.583+0000] {ingest_telemetry.py:86} INFO - Loaded telemetry/raw_20260214_131702.json → 20 rows
[2026-02-17T17:55:49.485+0000] {ingest_telemetry.py:86} INFO - Loaded telemetry/raw_20260214_131708.json → 20 rows
[2026-02-17T17:55:53.837+0000] {ingest_telemetry.py:86} INFO - Loaded telemetry/raw_20260214_131713.json → 20 rows
[2026-02-17T17:55:56.500+0000] {ingest_telemetry.py:86} INFO - Loaded telemetry/raw_20260214_131718.json → 20 rows
[2026-02-17T17:55:58.408+0000] {ingest_telemetry.py:86} INFO - Loaded telemetry/raw_20260214_131723.json → 20 rows
[2026-02-17T17:56:00.326+0000] {ingest_telemetry.py:86} INFO - Loaded telemetry/raw_20260214_131728.json → 20 rows
[2026-02-17T17:56:02.304+0000] {ingest_telemetry.py:86} INFO - Loaded telemetry/raw_20260214_131733.json → 20 rows
[2026-02-17T17:56:04.724+0000] {ingest_telemetry.py:86} INFO - Loaded telemetry/raw_20260214_131739.json → 20 rows
[2026-02-17T17:56:08.905+0000] {ingest_telemetry.py:86} INFO - Loaded telemetry/raw_20260214_131744.json → 20 rows
[2026-02-17T17:56:11.857+0000] {ingest_telemetry.py:86} INFO - Loaded telemetry/raw_20260214_131749.json → 20 rows
[2026-02-17T17:56:14.399+0000] {ingest_telemetry.py:86} INFO - Loaded telemetry/raw_20260214_131754.json → 20 rows
[2026-02-17T17:56:23.599+0000] {ingest_telemetry.py:86} INFO - Loaded telemetry/raw_20260214_131759.json → 20 rows
[2026-02-17T17:56:26.833+0000] {ingest_telemetry.py:86} INFO - Loaded telemetry/raw_20260214_131804.json → 20 rows
[2026-02-17T17:56:29.818+0000] {ingest_telemetry.py:86} INFO - Loaded telemetry/raw_20260214_131809.json → 20 rows
[2026-02-17T17:56:31.945+0000] {ingest_telemetry.py:86} INFO - Loaded telemetry/raw_20260214_131815.json → 20 rows
[2026-02-17T17:56:35.059+0000] {ingest_telemetry.py:86} INFO - Loaded telemetry/raw_20260214_131820.json → 20 rows
[2026-02-17T17:56:37.657+0000] {ingest_telemetry.py:86} INFO - Loaded telemetry/raw_20260214_131825.json → 20 rows
[2026-02-17T17:56:39.330+0000] {ingest_telemetry.py:86} INFO - Loaded telemetry/raw_20260214_131830.json → 20 rows
[2026-02-17T17:56:41.448+0000] {ingest_telemetry.py:86} INFO - Loaded telemetry/raw_20260214_131835.json → 20 rows
[2026-02-17T17:56:44.142+0000] {ingest_telemetry.py:86} INFO - Loaded telemetry/raw_20260214_131840.json → 20 rows
[2026-02-17T17:56:47.247+0000] {ingest_telemetry.py:86} INFO - Loaded telemetry/raw_20260214_131846.json → 20 rows
[2026-02-17T17:56:50.358+0000] {ingest_telemetry.py:86} INFO - Loaded telemetry/raw_20260214_131851.json → 20 rows
[2026-02-17T17:56:52.977+0000] {ingest_telemetry.py:86} INFO - Loaded telemetry/raw_20260214_131856.json → 20 rows
[2026-02-17T17:56:55.382+0000] {ingest_telemetry.py:86} INFO - Loaded telemetry/raw_20260214_131901.json → 20 rows
[2026-02-17T17:56:57.284+0000] {ingest_telemetry.py:86} INFO - Loaded telemetry/raw_20260214_131906.json → 20 rows
[2026-02-17T17:56:59.811+0000] {ingest_telemetry.py:86} INFO - Loaded telemetry/raw_20260214_131911.json → 20 rows
[2026-02-17T17:57:01.763+0000] {ingest_telemetry.py:86} INFO - Loaded telemetry/raw_20260214_131917.json → 20 rows
[2026-02-17T17:57:03.827+0000] {ingest_telemetry.py:86} INFO - Loaded telemetry/raw_20260214_131922.json → 20 rows
[2026-02-17T17:57:06.006+0000] {ingest_telemetry.py:86} INFO - Loaded telemetry/raw_20260214_131927.json → 20 rows
[2026-02-17T17:57:08.260+0000] {ingest_telemetry.py:86} INFO - Loaded telemetry/raw_20260214_131932.json → 20 rows
[2026-02-17T17:57:11.014+0000] {ingest_telemetry.py:86} INFO - Loaded telemetry/raw_20260214_131937.json → 20 rows
[2026-02-17T17:57:15.818+0000] {ingest_telemetry.py:86} INFO - Loaded telemetry/raw_20260214_131942.json → 20 rows
[2026-02-17T17:57:17.626+0000] {ingest_telemetry.py:86} INFO - Loaded telemetry/raw_20260214_131948.json → 20 rows
[2026-02-17T17:57:19.566+0000] {ingest_telemetry.py:86} INFO - Loaded telemetry/raw_20260214_131953.json → 20 rows
[2026-02-17T17:57:21.819+0000] {ingest_telemetry.py:86} INFO - Loaded telemetry/raw_20260214_131958.json → 20 rows
[2026-02-17T17:57:24.531+0000] {ingest_telemetry.py:86} INFO - Loaded telemetry/raw_20260214_132003.json → 20 rows
[2026-02-17T17:57:27.012+0000] {ingest_telemetry.py:86} INFO - Loaded telemetry/raw_20260214_132008.json → 20 rows
[2026-02-17T17:57:30.333+0000] {ingest_telemetry.py:86} INFO - Loaded telemetry/raw_20260214_132013.json → 20 rows
[2026-02-17T17:57:32.065+0000] {ingest_telemetry.py:86} INFO - Loaded telemetry/raw_20260214_132018.json → 20 rows
[2026-02-17T17:57:35.469+0000] {ingest_telemetry.py:86} INFO - Loaded telemetry/raw_20260214_132024.json → 20 rows
[2026-02-17T17:57:38.096+0000] {ingest_telemetry.py:86} INFO - Loaded telemetry/raw_20260214_132029.json → 20 rows
[2026-02-17T17:57:40.656+0000] {ingest_telemetry.py:86} INFO - Loaded telemetry/raw_20260214_132034.json → 20 rows
[2026-02-17T17:57:42.306+0000] {ingest_telemetry.py:86} INFO - Loaded telemetry/raw_20260214_132039.json → 20 rows
[2026-02-17T17:57:44.411+0000] {ingest_telemetry.py:86} INFO - Loaded telemetry/raw_20260214_132044.json → 20 rows
[2026-02-17T17:57:46.482+0000] {ingest_telemetry.py:86} INFO - Loaded telemetry/raw_20260214_132050.json → 20 rows
[2026-02-17T17:57:50.138+0000] {ingest_telemetry.py:86} INFO - Loaded telemetry/raw_20260214_132055.json → 20 rows
[2026-02-17T17:57:52.489+0000] {ingest_telemetry.py:86} INFO - Loaded telemetry/raw_20260214_132100.json → 20 rows
[2026-02-17T17:57:54.630+0000] {ingest_telemetry.py:86} INFO - Loaded telemetry/raw_20260214_132105.json → 20 rows
[2026-02-17T17:57:57.033+0000] {ingest_telemetry.py:86} INFO - Loaded telemetry/raw_20260214_132110.json → 20 rows
[2026-02-17T17:58:00.337+0000] {ingest_telemetry.py:86} INFO - Loaded telemetry/raw_20260214_132115.json → 20 rows
[2026-02-17T17:58:02.691+0000] {ingest_telemetry.py:86} INFO - Loaded telemetry/raw_20260214_132121.json → 20 rows
[2026-02-17T17:58:04.672+0000] {ingest_telemetry.py:86} INFO - Loaded telemetry/raw_20260214_132126.json → 20 rows
[2026-02-17T17:58:06.600+0000] {ingest_telemetry.py:86} INFO - Loaded telemetry/raw_20260214_132131.json → 20 rows
[2026-02-17T17:58:09.050+0000] {ingest_telemetry.py:86} INFO - Loaded telemetry/raw_20260214_132136.json → 20 rows
[2026-02-17T17:58:11.101+0000] {ingest_telemetry.py:86} INFO - Loaded telemetry/raw_20260214_132141.json → 20 rows
[2026-02-17T17:58:14.328+0000] {ingest_telemetry.py:86} INFO - Loaded telemetry/raw_20260214_132146.json → 20 rows
[2026-02-17T17:58:18.054+0000] {ingest_telemetry.py:86} INFO - Loaded telemetry/raw_20260214_132152.json → 21 rows
[2026-02-17T17:58:21.073+0000] {ingest_telemetry.py:86} INFO - Loaded telemetry/raw_20260214_132157.json → 19 rows
[2026-02-17T17:58:23.284+0000] {ingest_telemetry.py:86} INFO - Loaded telemetry/raw_20260214_132202.json → 20 rows
[2026-02-17T17:58:26.393+0000] {ingest_telemetry.py:86} INFO - Loaded telemetry/raw_20260214_132207.json → 20 rows
[2026-02-17T17:58:28.657+0000] {ingest_telemetry.py:86} INFO - Loaded telemetry/raw_20260214_132212.json → 20 rows
[2026-02-17T17:58:32.137+0000] {ingest_telemetry.py:86} INFO - Loaded telemetry/raw_20260214_132217.json → 20 rows
[2026-02-17T17:58:34.903+0000] {ingest_telemetry.py:86} INFO - Loaded telemetry/raw_20260214_132223.json → 20 rows
[2026-02-17T17:58:37.880+0000] {ingest_telemetry.py:86} INFO - Loaded telemetry/raw_20260214_132228.json → 20 rows
[2026-02-17T17:58:42.041+0000] {ingest_telemetry.py:86} INFO - Loaded telemetry/raw_20260214_132233.json → 20 rows
[2026-02-17T17:58:44.686+0000] {ingest_telemetry.py:86} INFO - Loaded telemetry/raw_20260214_132238.json → 20 rows
[2026-02-17T17:58:46.635+0000] {ingest_telemetry.py:86} INFO - Loaded telemetry/raw_20260214_132243.json → 20 rows
[2026-02-17T17:58:48.429+0000] {ingest_telemetry.py:86} INFO - Loaded telemetry/raw_20260214_132248.json → 20 rows
[2026-02-17T17:58:51.226+0000] {ingest_telemetry.py:86} INFO - Loaded telemetry/raw_20260214_132254.json → 20 rows
[2026-02-17T17:58:54.546+0000] {ingest_telemetry.py:86} INFO - Loaded telemetry/raw_20260214_132259.json → 20 rows
[2026-02-17T17:58:56.846+0000] {ingest_telemetry.py:86} INFO - Loaded telemetry/raw_20260214_132304.json → 20 rows
[2026-02-17T17:58:59.062+0000] {ingest_telemetry.py:86} INFO - Loaded telemetry/raw_20260214_132309.json → 20 rows
[2026-02-17T17:59:01.798+0000] {ingest_telemetry.py:86} INFO - Loaded telemetry/raw_20260214_132314.json → 20 rows
[2026-02-17T17:59:04.268+0000] {ingest_telemetry.py:86} INFO - Loaded telemetry/raw_20260214_132319.json → 21 rows
[2026-02-17T17:59:06.540+0000] {ingest_telemetry.py:86} INFO - Loaded telemetry/raw_20260214_132325.json → 19 rows
[2026-02-17T17:59:08.668+0000] {ingest_telemetry.py:86} INFO - Loaded telemetry/raw_20260214_132330.json → 19 rows
[2026-02-17T17:59:12.227+0000] {ingest_telemetry.py:86} INFO - Loaded telemetry/raw_20260214_132335.json → 20 rows
[2026-02-17T17:59:14.761+0000] {ingest_telemetry.py:86} INFO - Loaded telemetry/raw_20260214_132340.json → 20 rows
[2026-02-17T17:59:16.695+0000] {ingest_telemetry.py:86} INFO - Loaded telemetry/raw_20260214_132345.json → 20 rows
[2026-02-17T17:59:18.589+0000] {ingest_telemetry.py:86} INFO - Loaded telemetry/raw_20260214_132351.json → 20 rows
[2026-02-17T17:59:21.701+0000] {ingest_telemetry.py:86} INFO - Loaded telemetry/raw_20260214_132356.json → 20 rows
[2026-02-17T17:59:24.255+0000] {ingest_telemetry.py:86} INFO - Loaded telemetry/raw_20260214_132401.json → 20 rows
[2026-02-17T17:59:28.317+0000] {ingest_telemetry.py:86} INFO - Loaded telemetry/raw_20260214_132406.json → 21 rows
[2026-02-17T17:59:30.195+0000] {ingest_telemetry.py:86} INFO - Loaded telemetry/raw_20260214_132412.json → 19 rows
[2026-02-17T17:59:32.645+0000] {ingest_telemetry.py:86} INFO - Loaded telemetry/raw_20260214_132417.json → 20 rows
[2026-02-17T17:59:34.842+0000] {ingest_telemetry.py:86} INFO - Loaded telemetry/raw_20260214_132422.json → 20 rows
[2026-02-17T17:59:37.105+0000] {ingest_telemetry.py:86} INFO - Loaded telemetry/raw_20260214_132427.json → 20 rows
[2026-02-17T17:59:39.165+0000] {ingest_telemetry.py:86} INFO - Loaded telemetry/raw_20260214_132432.json → 21 rows
[2026-02-17T17:59:41.661+0000] {ingest_telemetry.py:86} INFO - Loaded telemetry/raw_20260214_132437.json → 19 rows
[2026-02-17T17:59:45.431+0000] {ingest_telemetry.py:86} INFO - Loaded telemetry/raw_20260214_132442.json → 19 rows
[2026-02-17T17:59:47.930+0000] {ingest_telemetry.py:86} INFO - Loaded telemetry/raw_20260214_132448.json → 19 rows
[2026-02-17T17:59:50.215+0000] {ingest_telemetry.py:86} INFO - Loaded telemetry/raw_20260214_132453.json → 20 rows
[2026-02-17T17:59:54.512+0000] {ingest_telemetry.py:86} INFO - Loaded telemetry/raw_20260214_132458.json → 20 rows
[2026-02-17T17:59:56.629+0000] {ingest_telemetry.py:86} INFO - Loaded telemetry/raw_20260214_132503.json → 21 rows
[2026-02-17T17:59:58.551+0000] {ingest_telemetry.py:86} INFO - Loaded telemetry/raw_20260214_132508.json → 20 rows
[2026-02-17T18:00:00.778+0000] {ingest_telemetry.py:86} INFO - Loaded telemetry/raw_20260214_132513.json → 19 rows
[2026-02-17T18:00:02.916+0000] {ingest_telemetry.py:86} INFO - Loaded telemetry/raw_20260214_132519.json → 18 rows
[2026-02-17T18:00:05.249+0000] {ingest_telemetry.py:86} INFO - Loaded telemetry/raw_20260214_132524.json → 19 rows
[2026-02-17T18:00:08.445+0000] {ingest_telemetry.py:86} INFO - Loaded telemetry/raw_20260214_132529.json → 20 rows
[2026-02-17T18:00:14.884+0000] {ingest_telemetry.py:86} INFO - Loaded telemetry/raw_20260214_132534.json → 18 rows
[2026-02-17T18:00:17.608+0000] {ingest_telemetry.py:86} INFO - Loaded telemetry/raw_20260214_132539.json → 19 rows
[2026-02-17T18:00:19.784+0000] {ingest_telemetry.py:86} INFO - Loaded telemetry/raw_20260214_132544.json → 19 rows
[2026-02-17T18:00:20.523+0000] {taskinstance.py:2698} ERROR - Task failed with exception
Traceback (most recent call last):
  File "/home/airflow/.local/lib/python3.8/site-packages/airflow/models/taskinstance.py", line 433, in _execute_task
    result = execute_callable(context=context, **execute_callable_kwargs)
  File "/home/airflow/.local/lib/python3.8/site-packages/airflow/operators/python.py", line 199, in execute
    return_value = self.execute_callable()
  File "/home/airflow/.local/lib/python3.8/site-packages/airflow/operators/python.py", line 216, in execute_callable
    return self.python_callable(*self.op_args, **self.op_kwargs)
  File "/opt/airflow/dags/ingest_telemetry.py", line 84, in load_files_to_bigquery
    job.result()  # Wait for job to complete
  File "/home/airflow/.local/lib/python3.8/site-packages/google/cloud/bigquery/job/base.py", line 971, in result
    return super(_AsyncJob, self).result(timeout=timeout, **kwargs)
  File "/home/airflow/.local/lib/python3.8/site-packages/google/api_core/future/polling.py", line 261, in result
    raise self._exception
google.api_core.exceptions.Forbidden: 403 Exceeded rate limits: too many table update operations for this table. For more information, see https://cloud.google.com/bigquery/docs/troubleshoot-quotas; reason: rateLimitExceeded, location: table.write, message: Exceeded rate limits: too many table update operations for this table. For more information, see https://cloud.google.com/bigquery/docs/troubleshoot-quotas
[2026-02-17T18:00:20.549+0000] {taskinstance.py:1138} INFO - Marking task as UP_FOR_RETRY. dag_id=ingest_telemetry, task_id=load_to_bigquery, execution_date=20260217T175000, start_date=20260217T175502, end_date=20260217T180020
[2026-02-17T18:00:20.567+0000] {standard_task_runner.py:107} ERROR - Failed to execute job 33 for task load_to_bigquery (403 Exceeded rate limits: too many table update operations for this table. For more information, see https://cloud.google.com/bigquery/docs/troubleshoot-quotas; reason: rateLimitExceeded, location: table.write, message: Exceeded rate limits: too many table update operations for this table. For more information, see https://cloud.google.com/bigquery/docs/troubleshoot-quotas; 844)
[2026-02-17T18:00:20.601+0000] {local_task_job_runner.py:234} INFO - Task exited with return code 1
[2026-02-17T18:00:20.623+0000] {taskinstance.py:3280} INFO - 0 downstream tasks scheduled from follow-on schedule check
