[2026-02-17T18:37:13.644+0000] {taskinstance.py:1956} INFO - Dependencies all met for dep_context=non-requeueable deps ti=<TaskInstance: ingest_telemetry.load_to_bigquery scheduled__2026-02-17T18:30:00+00:00 [queued]>
[2026-02-17T18:37:13.647+0000] {taskinstance.py:1956} INFO - Dependencies all met for dep_context=requeueable deps ti=<TaskInstance: ingest_telemetry.load_to_bigquery scheduled__2026-02-17T18:30:00+00:00 [queued]>
[2026-02-17T18:37:13.648+0000] {taskinstance.py:2170} INFO - Starting attempt 2 of 2
[2026-02-17T18:37:13.654+0000] {taskinstance.py:2191} INFO - Executing <Task(PythonOperator): load_to_bigquery> on 2026-02-17 18:30:00+00:00
[2026-02-17T18:37:13.657+0000] {standard_task_runner.py:60} INFO - Started process 1417 to run task
[2026-02-17T18:37:13.659+0000] {standard_task_runner.py:87} INFO - Running: ['***', 'tasks', 'run', 'ingest_telemetry', 'load_to_bigquery', 'scheduled__2026-02-17T18:30:00+00:00', '--job-id', '58', '--raw', '--subdir', 'DAGS_FOLDER/ingest_telemetry.py', '--cfg-path', '/tmp/tmpd1ozxcc2']
[2026-02-17T18:37:13.661+0000] {standard_task_runner.py:88} INFO - Job 58: Subtask load_to_bigquery
[2026-02-17T18:37:13.687+0000] {task_command.py:423} INFO - Running <TaskInstance: ingest_telemetry.load_to_bigquery scheduled__2026-02-17T18:30:00+00:00 [running]> on host 173280efb2df
[2026-02-17T18:37:13.726+0000] {taskinstance.py:2480} INFO - Exporting env vars: AIRFLOW_CTX_DAG_OWNER='lawal' AIRFLOW_CTX_DAG_ID='ingest_telemetry' AIRFLOW_CTX_TASK_ID='load_to_bigquery' AIRFLOW_CTX_EXECUTION_DATE='2026-02-17T18:30:00+00:00' AIRFLOW_CTX_TRY_NUMBER='2' AIRFLOW_CTX_DAG_RUN_ID='scheduled__2026-02-17T18:30:00+00:00'
[2026-02-17T18:37:16.612+0000] {ingest_telemetry.py:86} INFO - Loaded telemetry/raw_20260214_131534.json → 4 rows
[2026-02-17T18:37:19.315+0000] {ingest_telemetry.py:86} INFO - Loaded telemetry/raw_20260214_131540.json → 8 rows
[2026-02-17T18:37:22.061+0000] {ingest_telemetry.py:86} INFO - Loaded telemetry/raw_20260214_131545.json → 9 rows
[2026-02-17T18:37:24.957+0000] {ingest_telemetry.py:86} INFO - Loaded telemetry/raw_20260214_131550.json → 12 rows
[2026-02-17T18:37:27.025+0000] {ingest_telemetry.py:86} INFO - Loaded telemetry/raw_20260214_131555.json → 15 rows
[2026-02-17T18:37:28.768+0000] {ingest_telemetry.py:86} INFO - Loaded telemetry/raw_20260214_131600.json → 17 rows
[2026-02-17T18:37:31.528+0000] {ingest_telemetry.py:86} INFO - Loaded telemetry/raw_20260214_131606.json → 18 rows
[2026-02-17T18:37:33.786+0000] {ingest_telemetry.py:86} INFO - Loaded telemetry/raw_20260214_131611.json → 19 rows
[2026-02-17T18:37:36.581+0000] {ingest_telemetry.py:86} INFO - Loaded telemetry/raw_20260214_131616.json → 19 rows
[2026-02-17T18:37:38.923+0000] {ingest_telemetry.py:86} INFO - Loaded telemetry/raw_20260214_131621.json → 19 rows
[2026-02-17T18:37:40.922+0000] {ingest_telemetry.py:86} INFO - Loaded telemetry/raw_20260214_131626.json → 19 rows
[2026-02-17T18:37:43.299+0000] {ingest_telemetry.py:86} INFO - Loaded telemetry/raw_20260214_131631.json → 20 rows
[2026-02-17T18:37:45.637+0000] {ingest_telemetry.py:86} INFO - Loaded telemetry/raw_20260214_131637.json → 20 rows
[2026-02-17T18:37:48.147+0000] {ingest_telemetry.py:86} INFO - Loaded telemetry/raw_20260214_131642.json → 20 rows
[2026-02-17T18:37:51.009+0000] {ingest_telemetry.py:86} INFO - Loaded telemetry/raw_20260214_131647.json → 20 rows
[2026-02-17T18:37:54.109+0000] {ingest_telemetry.py:86} INFO - Loaded telemetry/raw_20260214_131652.json → 20 rows
[2026-02-17T18:37:57.155+0000] {ingest_telemetry.py:86} INFO - Loaded telemetry/raw_20260214_131657.json → 20 rows
[2026-02-17T18:38:00.175+0000] {ingest_telemetry.py:86} INFO - Loaded telemetry/raw_20260214_131702.json → 20 rows
[2026-02-17T18:38:02.298+0000] {ingest_telemetry.py:86} INFO - Loaded telemetry/raw_20260214_131708.json → 20 rows
[2026-02-17T18:38:04.656+0000] {ingest_telemetry.py:86} INFO - Loaded telemetry/raw_20260214_131713.json → 20 rows
[2026-02-17T18:38:07.177+0000] {ingest_telemetry.py:86} INFO - Loaded telemetry/raw_20260214_131718.json → 20 rows
[2026-02-17T18:38:10.534+0000] {ingest_telemetry.py:86} INFO - Loaded telemetry/raw_20260214_131723.json → 20 rows
[2026-02-17T18:38:12.578+0000] {ingest_telemetry.py:86} INFO - Loaded telemetry/raw_20260214_131728.json → 20 rows
[2026-02-17T18:38:14.844+0000] {ingest_telemetry.py:86} INFO - Loaded telemetry/raw_20260214_131733.json → 20 rows
[2026-02-17T18:38:17.074+0000] {ingest_telemetry.py:86} INFO - Loaded telemetry/raw_20260214_131739.json → 20 rows
[2026-02-17T18:38:19.750+0000] {ingest_telemetry.py:86} INFO - Loaded telemetry/raw_20260214_131744.json → 20 rows
[2026-02-17T18:38:22.917+0000] {ingest_telemetry.py:86} INFO - Loaded telemetry/raw_20260214_131749.json → 20 rows
[2026-02-17T18:38:25.120+0000] {ingest_telemetry.py:86} INFO - Loaded telemetry/raw_20260214_131754.json → 20 rows
[2026-02-17T18:38:28.074+0000] {ingest_telemetry.py:86} INFO - Loaded telemetry/raw_20260214_131759.json → 20 rows
[2026-02-17T18:38:31.225+0000] {ingest_telemetry.py:86} INFO - Loaded telemetry/raw_20260214_131804.json → 20 rows
[2026-02-17T18:38:33.522+0000] {ingest_telemetry.py:86} INFO - Loaded telemetry/raw_20260214_131809.json → 20 rows
[2026-02-17T18:38:35.393+0000] {ingest_telemetry.py:86} INFO - Loaded telemetry/raw_20260214_131815.json → 20 rows
[2026-02-17T18:38:37.623+0000] {ingest_telemetry.py:86} INFO - Loaded telemetry/raw_20260214_131820.json → 20 rows
[2026-02-17T18:38:40.162+0000] {ingest_telemetry.py:86} INFO - Loaded telemetry/raw_20260214_131825.json → 20 rows
[2026-02-17T18:38:43.004+0000] {ingest_telemetry.py:86} INFO - Loaded telemetry/raw_20260214_131830.json → 20 rows
[2026-02-17T18:38:45.979+0000] {ingest_telemetry.py:86} INFO - Loaded telemetry/raw_20260214_131835.json → 20 rows
[2026-02-17T18:38:48.917+0000] {ingest_telemetry.py:86} INFO - Loaded telemetry/raw_20260214_131840.json → 20 rows
[2026-02-17T18:38:51.713+0000] {ingest_telemetry.py:86} INFO - Loaded telemetry/raw_20260214_131846.json → 20 rows
[2026-02-17T18:38:54.482+0000] {ingest_telemetry.py:86} INFO - Loaded telemetry/raw_20260214_131851.json → 20 rows
[2026-02-17T18:38:56.800+0000] {ingest_telemetry.py:86} INFO - Loaded telemetry/raw_20260214_131856.json → 20 rows
[2026-02-17T18:38:59.390+0000] {ingest_telemetry.py:86} INFO - Loaded telemetry/raw_20260214_131901.json → 20 rows
[2026-02-17T18:39:01.675+0000] {ingest_telemetry.py:86} INFO - Loaded telemetry/raw_20260214_131906.json → 20 rows
[2026-02-17T18:39:03.797+0000] {ingest_telemetry.py:86} INFO - Loaded telemetry/raw_20260214_131911.json → 20 rows
[2026-02-17T18:39:10.396+0000] {ingest_telemetry.py:86} INFO - Loaded telemetry/raw_20260214_131917.json → 20 rows
[2026-02-17T18:39:12.980+0000] {ingest_telemetry.py:86} INFO - Loaded telemetry/raw_20260214_131922.json → 20 rows
[2026-02-17T18:39:15.120+0000] {ingest_telemetry.py:86} INFO - Loaded telemetry/raw_20260214_131927.json → 20 rows
[2026-02-17T18:39:17.923+0000] {ingest_telemetry.py:86} INFO - Loaded telemetry/raw_20260214_131932.json → 20 rows
[2026-02-17T18:39:20.569+0000] {ingest_telemetry.py:86} INFO - Loaded telemetry/raw_20260214_131937.json → 20 rows
[2026-02-17T18:39:23.053+0000] {ingest_telemetry.py:86} INFO - Loaded telemetry/raw_20260214_131942.json → 20 rows
[2026-02-17T18:39:26.461+0000] {ingest_telemetry.py:86} INFO - Loaded telemetry/raw_20260214_131948.json → 20 rows
[2026-02-17T18:39:28.929+0000] {ingest_telemetry.py:86} INFO - Loaded telemetry/raw_20260214_131953.json → 20 rows
[2026-02-17T18:39:31.682+0000] {ingest_telemetry.py:86} INFO - Loaded telemetry/raw_20260214_131958.json → 20 rows
[2026-02-17T18:39:34.918+0000] {ingest_telemetry.py:86} INFO - Loaded telemetry/raw_20260214_132003.json → 20 rows
[2026-02-17T18:39:37.073+0000] {ingest_telemetry.py:86} INFO - Loaded telemetry/raw_20260214_132008.json → 20 rows
[2026-02-17T18:39:40.790+0000] {ingest_telemetry.py:86} INFO - Loaded telemetry/raw_20260214_132013.json → 20 rows
[2026-02-17T18:39:42.527+0000] {ingest_telemetry.py:86} INFO - Loaded telemetry/raw_20260214_132018.json → 20 rows
[2026-02-17T18:39:45.257+0000] {ingest_telemetry.py:86} INFO - Loaded telemetry/raw_20260214_132024.json → 20 rows
[2026-02-17T18:39:47.815+0000] {ingest_telemetry.py:86} INFO - Loaded telemetry/raw_20260214_132029.json → 20 rows
[2026-02-17T18:39:49.516+0000] {ingest_telemetry.py:86} INFO - Loaded telemetry/raw_20260214_132034.json → 20 rows
[2026-02-17T18:39:51.850+0000] {ingest_telemetry.py:86} INFO - Loaded telemetry/raw_20260214_132039.json → 20 rows
[2026-02-17T18:39:54.443+0000] {ingest_telemetry.py:86} INFO - Loaded telemetry/raw_20260214_132044.json → 20 rows
[2026-02-17T18:39:56.920+0000] {ingest_telemetry.py:86} INFO - Loaded telemetry/raw_20260214_132050.json → 20 rows
[2026-02-17T18:39:58.816+0000] {ingest_telemetry.py:86} INFO - Loaded telemetry/raw_20260214_132055.json → 20 rows
[2026-02-17T18:40:01.217+0000] {ingest_telemetry.py:86} INFO - Loaded telemetry/raw_20260214_132100.json → 20 rows
[2026-02-17T18:40:03.785+0000] {ingest_telemetry.py:86} INFO - Loaded telemetry/raw_20260214_132105.json → 20 rows
[2026-02-17T18:40:08.283+0000] {ingest_telemetry.py:86} INFO - Loaded telemetry/raw_20260214_132110.json → 20 rows
[2026-02-17T18:40:10.977+0000] {ingest_telemetry.py:86} INFO - Loaded telemetry/raw_20260214_132115.json → 20 rows
[2026-02-17T18:40:11.728+0000] {taskinstance.py:2698} ERROR - Task failed with exception
Traceback (most recent call last):
  File "/home/airflow/.local/lib/python3.8/site-packages/airflow/models/taskinstance.py", line 433, in _execute_task
    result = execute_callable(context=context, **execute_callable_kwargs)
  File "/home/airflow/.local/lib/python3.8/site-packages/airflow/operators/python.py", line 199, in execute
    return_value = self.execute_callable()
  File "/home/airflow/.local/lib/python3.8/site-packages/airflow/operators/python.py", line 216, in execute_callable
    return self.python_callable(*self.op_args, **self.op_kwargs)
  File "/opt/airflow/dags/ingest_telemetry.py", line 84, in load_files_to_bigquery
    job.result()  # Wait for job to complete
  File "/home/airflow/.local/lib/python3.8/site-packages/google/cloud/bigquery/job/base.py", line 971, in result
    return super(_AsyncJob, self).result(timeout=timeout, **kwargs)
  File "/home/airflow/.local/lib/python3.8/site-packages/google/api_core/future/polling.py", line 261, in result
    raise self._exception
google.api_core.exceptions.Forbidden: 403 Exceeded rate limits: too many table update operations for this table. For more information, see https://cloud.google.com/bigquery/docs/troubleshoot-quotas; reason: rateLimitExceeded, location: table.write, message: Exceeded rate limits: too many table update operations for this table. For more information, see https://cloud.google.com/bigquery/docs/troubleshoot-quotas
[2026-02-17T18:40:11.751+0000] {taskinstance.py:1138} INFO - Marking task as FAILED. dag_id=ingest_telemetry, task_id=load_to_bigquery, execution_date=20260217T183000, start_date=20260217T183713, end_date=20260217T184011
[2026-02-17T18:40:11.768+0000] {standard_task_runner.py:107} ERROR - Failed to execute job 58 for task load_to_bigquery (403 Exceeded rate limits: too many table update operations for this table. For more information, see https://cloud.google.com/bigquery/docs/troubleshoot-quotas; reason: rateLimitExceeded, location: table.write, message: Exceeded rate limits: too many table update operations for this table. For more information, see https://cloud.google.com/bigquery/docs/troubleshoot-quotas; 1417)
[2026-02-17T18:40:11.818+0000] {local_task_job_runner.py:234} INFO - Task exited with return code 1
[2026-02-17T18:40:11.831+0000] {taskinstance.py:3280} INFO - 0 downstream tasks scheduled from follow-on schedule check
