[2026-02-17T18:13:31.773+0000] {taskinstance.py:1956} INFO - Dependencies all met for dep_context=non-requeueable deps ti=<TaskInstance: ingest_telemetry.load_to_bigquery scheduled__2026-02-17T18:00:00+00:00 [queued]>
[2026-02-17T18:13:31.776+0000] {taskinstance.py:1956} INFO - Dependencies all met for dep_context=requeueable deps ti=<TaskInstance: ingest_telemetry.load_to_bigquery scheduled__2026-02-17T18:00:00+00:00 [queued]>
[2026-02-17T18:13:31.777+0000] {taskinstance.py:2170} INFO - Starting attempt 2 of 2
[2026-02-17T18:13:31.783+0000] {taskinstance.py:2191} INFO - Executing <Task(PythonOperator): load_to_bigquery> on 2026-02-17 18:00:00+00:00
[2026-02-17T18:13:31.786+0000] {standard_task_runner.py:60} INFO - Started process 1087 to run task
[2026-02-17T18:13:31.789+0000] {standard_task_runner.py:87} INFO - Running: ['***', 'tasks', 'run', 'ingest_telemetry', 'load_to_bigquery', 'scheduled__2026-02-17T18:00:00+00:00', '--job-id', '42', '--raw', '--subdir', 'DAGS_FOLDER/ingest_telemetry.py', '--cfg-path', '/tmp/tmpud770fqk']
[2026-02-17T18:13:31.790+0000] {standard_task_runner.py:88} INFO - Job 42: Subtask load_to_bigquery
[2026-02-17T18:13:31.823+0000] {task_command.py:423} INFO - Running <TaskInstance: ingest_telemetry.load_to_bigquery scheduled__2026-02-17T18:00:00+00:00 [running]> on host 173280efb2df
[2026-02-17T18:13:31.857+0000] {taskinstance.py:2480} INFO - Exporting env vars: AIRFLOW_CTX_DAG_OWNER='lawal' AIRFLOW_CTX_DAG_ID='ingest_telemetry' AIRFLOW_CTX_TASK_ID='load_to_bigquery' AIRFLOW_CTX_EXECUTION_DATE='2026-02-17T18:00:00+00:00' AIRFLOW_CTX_TRY_NUMBER='2' AIRFLOW_CTX_DAG_RUN_ID='scheduled__2026-02-17T18:00:00+00:00'
[2026-02-17T18:13:39.327+0000] {ingest_telemetry.py:86} INFO - Loaded telemetry/raw_20260214_131534.json → 4 rows
[2026-02-17T18:13:44.663+0000] {ingest_telemetry.py:86} INFO - Loaded telemetry/raw_20260214_131540.json → 8 rows
[2026-02-17T18:13:47.285+0000] {ingest_telemetry.py:86} INFO - Loaded telemetry/raw_20260214_131545.json → 9 rows
[2026-02-17T18:13:54.740+0000] {ingest_telemetry.py:86} INFO - Loaded telemetry/raw_20260214_131550.json → 12 rows
[2026-02-17T18:14:02.318+0000] {ingest_telemetry.py:86} INFO - Loaded telemetry/raw_20260214_131555.json → 15 rows
[2026-02-17T18:14:12.094+0000] {ingest_telemetry.py:86} INFO - Loaded telemetry/raw_20260214_131600.json → 17 rows
[2026-02-17T18:14:15.196+0000] {ingest_telemetry.py:86} INFO - Loaded telemetry/raw_20260214_131606.json → 18 rows
[2026-02-17T18:14:18.095+0000] {ingest_telemetry.py:86} INFO - Loaded telemetry/raw_20260214_131611.json → 19 rows
[2026-02-17T18:14:20.561+0000] {ingest_telemetry.py:86} INFO - Loaded telemetry/raw_20260214_131616.json → 19 rows
[2026-02-17T18:14:22.858+0000] {ingest_telemetry.py:86} INFO - Loaded telemetry/raw_20260214_131621.json → 19 rows
[2026-02-17T18:14:26.895+0000] {ingest_telemetry.py:86} INFO - Loaded telemetry/raw_20260214_131626.json → 19 rows
[2026-02-17T18:14:29.784+0000] {ingest_telemetry.py:86} INFO - Loaded telemetry/raw_20260214_131631.json → 20 rows
[2026-02-17T18:14:32.396+0000] {ingest_telemetry.py:86} INFO - Loaded telemetry/raw_20260214_131637.json → 20 rows
[2026-02-17T18:14:34.461+0000] {ingest_telemetry.py:86} INFO - Loaded telemetry/raw_20260214_131642.json → 20 rows
[2026-02-17T18:14:36.708+0000] {ingest_telemetry.py:86} INFO - Loaded telemetry/raw_20260214_131647.json → 20 rows
[2026-02-17T18:14:39.647+0000] {ingest_telemetry.py:86} INFO - Loaded telemetry/raw_20260214_131652.json → 20 rows
[2026-02-17T18:14:41.422+0000] {ingest_telemetry.py:86} INFO - Loaded telemetry/raw_20260214_131657.json → 20 rows
[2026-02-17T18:14:45.350+0000] {ingest_telemetry.py:86} INFO - Loaded telemetry/raw_20260214_131702.json → 20 rows
[2026-02-17T18:14:47.221+0000] {ingest_telemetry.py:86} INFO - Loaded telemetry/raw_20260214_131708.json → 20 rows
[2026-02-17T18:14:49.389+0000] {ingest_telemetry.py:86} INFO - Loaded telemetry/raw_20260214_131713.json → 20 rows
[2026-02-17T18:14:52.286+0000] {ingest_telemetry.py:86} INFO - Loaded telemetry/raw_20260214_131718.json → 20 rows
[2026-02-17T18:14:55.427+0000] {ingest_telemetry.py:86} INFO - Loaded telemetry/raw_20260214_131723.json → 20 rows
[2026-02-17T18:14:59.043+0000] {ingest_telemetry.py:86} INFO - Loaded telemetry/raw_20260214_131728.json → 20 rows
[2026-02-17T18:15:02.383+0000] {ingest_telemetry.py:86} INFO - Loaded telemetry/raw_20260214_131733.json → 20 rows
[2026-02-17T18:15:05.864+0000] {ingest_telemetry.py:86} INFO - Loaded telemetry/raw_20260214_131739.json → 20 rows
[2026-02-17T18:15:08.357+0000] {ingest_telemetry.py:86} INFO - Loaded telemetry/raw_20260214_131744.json → 20 rows
[2026-02-17T18:15:12.540+0000] {ingest_telemetry.py:86} INFO - Loaded telemetry/raw_20260214_131749.json → 20 rows
[2026-02-17T18:15:14.599+0000] {ingest_telemetry.py:86} INFO - Loaded telemetry/raw_20260214_131754.json → 20 rows
[2026-02-17T18:15:17.658+0000] {ingest_telemetry.py:86} INFO - Loaded telemetry/raw_20260214_131759.json → 20 rows
[2026-02-17T18:15:20.225+0000] {ingest_telemetry.py:86} INFO - Loaded telemetry/raw_20260214_131804.json → 20 rows
[2026-02-17T18:15:22.469+0000] {ingest_telemetry.py:86} INFO - Loaded telemetry/raw_20260214_131809.json → 20 rows
[2026-02-17T18:15:25.331+0000] {ingest_telemetry.py:86} INFO - Loaded telemetry/raw_20260214_131815.json → 20 rows
[2026-02-17T18:15:28.069+0000] {ingest_telemetry.py:86} INFO - Loaded telemetry/raw_20260214_131820.json → 20 rows
[2026-02-17T18:15:30.891+0000] {ingest_telemetry.py:86} INFO - Loaded telemetry/raw_20260214_131825.json → 20 rows
[2026-02-17T18:15:33.148+0000] {ingest_telemetry.py:86} INFO - Loaded telemetry/raw_20260214_131830.json → 20 rows
[2026-02-17T18:15:35.797+0000] {ingest_telemetry.py:86} INFO - Loaded telemetry/raw_20260214_131835.json → 20 rows
[2026-02-17T18:15:37.577+0000] {ingest_telemetry.py:86} INFO - Loaded telemetry/raw_20260214_131840.json → 20 rows
[2026-02-17T18:15:39.948+0000] {ingest_telemetry.py:86} INFO - Loaded telemetry/raw_20260214_131846.json → 20 rows
[2026-02-17T18:15:42.380+0000] {ingest_telemetry.py:86} INFO - Loaded telemetry/raw_20260214_131851.json → 20 rows
[2026-02-17T18:15:44.974+0000] {ingest_telemetry.py:86} INFO - Loaded telemetry/raw_20260214_131856.json → 20 rows
[2026-02-17T18:15:47.864+0000] {ingest_telemetry.py:86} INFO - Loaded telemetry/raw_20260214_131901.json → 20 rows
[2026-02-17T18:15:49.898+0000] {ingest_telemetry.py:86} INFO - Loaded telemetry/raw_20260214_131906.json → 20 rows
[2026-02-17T18:15:53.274+0000] {ingest_telemetry.py:86} INFO - Loaded telemetry/raw_20260214_131911.json → 20 rows
[2026-02-17T18:15:57.252+0000] {ingest_telemetry.py:86} INFO - Loaded telemetry/raw_20260214_131917.json → 20 rows
[2026-02-17T18:15:59.479+0000] {ingest_telemetry.py:86} INFO - Loaded telemetry/raw_20260214_131922.json → 20 rows
[2026-02-17T18:16:01.916+0000] {ingest_telemetry.py:86} INFO - Loaded telemetry/raw_20260214_131927.json → 20 rows
[2026-02-17T18:16:03.651+0000] {ingest_telemetry.py:86} INFO - Loaded telemetry/raw_20260214_131932.json → 20 rows
[2026-02-17T18:16:06.200+0000] {ingest_telemetry.py:86} INFO - Loaded telemetry/raw_20260214_131937.json → 20 rows
[2026-02-17T18:16:08.138+0000] {ingest_telemetry.py:86} INFO - Loaded telemetry/raw_20260214_131942.json → 20 rows
[2026-02-17T18:16:10.668+0000] {ingest_telemetry.py:86} INFO - Loaded telemetry/raw_20260214_131948.json → 20 rows
[2026-02-17T18:16:13.011+0000] {ingest_telemetry.py:86} INFO - Loaded telemetry/raw_20260214_131953.json → 20 rows
[2026-02-17T18:16:18.575+0000] {ingest_telemetry.py:86} INFO - Loaded telemetry/raw_20260214_131958.json → 20 rows
[2026-02-17T18:16:21.584+0000] {ingest_telemetry.py:86} INFO - Loaded telemetry/raw_20260214_132003.json → 20 rows
[2026-02-17T18:16:23.954+0000] {ingest_telemetry.py:86} INFO - Loaded telemetry/raw_20260214_132008.json → 20 rows
[2026-02-17T18:16:27.977+0000] {ingest_telemetry.py:86} INFO - Loaded telemetry/raw_20260214_132013.json → 20 rows
[2026-02-17T18:16:30.895+0000] {ingest_telemetry.py:86} INFO - Loaded telemetry/raw_20260214_132018.json → 20 rows
[2026-02-17T18:16:33.076+0000] {ingest_telemetry.py:86} INFO - Loaded telemetry/raw_20260214_132024.json → 20 rows
[2026-02-17T18:16:35.457+0000] {ingest_telemetry.py:86} INFO - Loaded telemetry/raw_20260214_132029.json → 20 rows
[2026-02-17T18:16:38.437+0000] {ingest_telemetry.py:86} INFO - Loaded telemetry/raw_20260214_132034.json → 20 rows
[2026-02-17T18:16:40.730+0000] {ingest_telemetry.py:86} INFO - Loaded telemetry/raw_20260214_132039.json → 20 rows
[2026-02-17T18:16:43.751+0000] {ingest_telemetry.py:86} INFO - Loaded telemetry/raw_20260214_132044.json → 20 rows
[2026-02-17T18:16:45.729+0000] {ingest_telemetry.py:86} INFO - Loaded telemetry/raw_20260214_132050.json → 20 rows
[2026-02-17T18:16:48.583+0000] {ingest_telemetry.py:86} INFO - Loaded telemetry/raw_20260214_132055.json → 20 rows
[2026-02-17T18:16:50.715+0000] {ingest_telemetry.py:86} INFO - Loaded telemetry/raw_20260214_132100.json → 20 rows
[2026-02-17T18:16:53.149+0000] {ingest_telemetry.py:86} INFO - Loaded telemetry/raw_20260214_132105.json → 20 rows
[2026-02-17T18:16:55.440+0000] {ingest_telemetry.py:86} INFO - Loaded telemetry/raw_20260214_132110.json → 20 rows
[2026-02-17T18:16:57.677+0000] {ingest_telemetry.py:86} INFO - Loaded telemetry/raw_20260214_132115.json → 20 rows
[2026-02-17T18:17:00.810+0000] {ingest_telemetry.py:86} INFO - Loaded telemetry/raw_20260214_132121.json → 20 rows
[2026-02-17T18:17:03.261+0000] {ingest_telemetry.py:86} INFO - Loaded telemetry/raw_20260214_132126.json → 20 rows
[2026-02-17T18:17:05.091+0000] {ingest_telemetry.py:86} INFO - Loaded telemetry/raw_20260214_132131.json → 20 rows
[2026-02-17T18:17:07.947+0000] {ingest_telemetry.py:86} INFO - Loaded telemetry/raw_20260214_132136.json → 20 rows
[2026-02-17T18:17:10.738+0000] {ingest_telemetry.py:86} INFO - Loaded telemetry/raw_20260214_132141.json → 20 rows
[2026-02-17T18:17:14.510+0000] {ingest_telemetry.py:86} INFO - Loaded telemetry/raw_20260214_132146.json → 20 rows
[2026-02-17T18:17:29.473+0000] {ingest_telemetry.py:86} INFO - Loaded telemetry/raw_20260214_132152.json → 21 rows
[2026-02-17T18:17:32.962+0000] {ingest_telemetry.py:86} INFO - Loaded telemetry/raw_20260214_132157.json → 19 rows
[2026-02-17T18:17:35.241+0000] {ingest_telemetry.py:86} INFO - Loaded telemetry/raw_20260214_132202.json → 20 rows
[2026-02-17T18:17:38.287+0000] {ingest_telemetry.py:86} INFO - Loaded telemetry/raw_20260214_132207.json → 20 rows
[2026-02-17T18:17:42.156+0000] {ingest_telemetry.py:86} INFO - Loaded telemetry/raw_20260214_132212.json → 20 rows
[2026-02-17T18:17:45.551+0000] {ingest_telemetry.py:86} INFO - Loaded telemetry/raw_20260214_132217.json → 20 rows
[2026-02-17T18:17:48.016+0000] {ingest_telemetry.py:86} INFO - Loaded telemetry/raw_20260214_132223.json → 20 rows
[2026-02-17T18:17:51.813+0000] {ingest_telemetry.py:86} INFO - Loaded telemetry/raw_20260214_132228.json → 20 rows
[2026-02-17T18:17:54.456+0000] {ingest_telemetry.py:86} INFO - Loaded telemetry/raw_20260214_132233.json → 20 rows
[2026-02-17T18:17:57.250+0000] {ingest_telemetry.py:86} INFO - Loaded telemetry/raw_20260214_132238.json → 20 rows
[2026-02-17T18:17:58.999+0000] {ingest_telemetry.py:86} INFO - Loaded telemetry/raw_20260214_132243.json → 20 rows
[2026-02-17T18:18:01.287+0000] {ingest_telemetry.py:86} INFO - Loaded telemetry/raw_20260214_132248.json → 20 rows
[2026-02-17T18:18:04.007+0000] {ingest_telemetry.py:86} INFO - Loaded telemetry/raw_20260214_132254.json → 20 rows
[2026-02-17T18:18:06.829+0000] {ingest_telemetry.py:86} INFO - Loaded telemetry/raw_20260214_132259.json → 20 rows
[2026-02-17T18:18:10.212+0000] {ingest_telemetry.py:86} INFO - Loaded telemetry/raw_20260214_132304.json → 20 rows
[2026-02-17T18:18:11.947+0000] {ingest_telemetry.py:86} INFO - Loaded telemetry/raw_20260214_132309.json → 20 rows
[2026-02-17T18:18:13.893+0000] {ingest_telemetry.py:86} INFO - Loaded telemetry/raw_20260214_132314.json → 20 rows
[2026-02-17T18:18:16.380+0000] {ingest_telemetry.py:86} INFO - Loaded telemetry/raw_20260214_132319.json → 21 rows
[2026-02-17T18:18:19.352+0000] {ingest_telemetry.py:86} INFO - Loaded telemetry/raw_20260214_132325.json → 19 rows
[2026-02-17T18:18:21.580+0000] {ingest_telemetry.py:86} INFO - Loaded telemetry/raw_20260214_132330.json → 19 rows
[2026-02-17T18:18:23.789+0000] {ingest_telemetry.py:86} INFO - Loaded telemetry/raw_20260214_132335.json → 20 rows
[2026-02-17T18:18:27.392+0000] {ingest_telemetry.py:86} INFO - Loaded telemetry/raw_20260214_132340.json → 20 rows
[2026-02-17T18:18:31.568+0000] {ingest_telemetry.py:86} INFO - Loaded telemetry/raw_20260214_132345.json → 20 rows
[2026-02-17T18:18:34.152+0000] {ingest_telemetry.py:86} INFO - Loaded telemetry/raw_20260214_132351.json → 20 rows
[2026-02-17T18:18:35.924+0000] {ingest_telemetry.py:86} INFO - Loaded telemetry/raw_20260214_132356.json → 20 rows
[2026-02-17T18:18:38.253+0000] {ingest_telemetry.py:86} INFO - Loaded telemetry/raw_20260214_132401.json → 20 rows
[2026-02-17T18:18:41.135+0000] {ingest_telemetry.py:86} INFO - Loaded telemetry/raw_20260214_132406.json → 21 rows
[2026-02-17T18:18:43.121+0000] {ingest_telemetry.py:86} INFO - Loaded telemetry/raw_20260214_132412.json → 19 rows
[2026-02-17T18:18:44.838+0000] {ingest_telemetry.py:86} INFO - Loaded telemetry/raw_20260214_132417.json → 20 rows
[2026-02-17T18:18:47.156+0000] {ingest_telemetry.py:86} INFO - Loaded telemetry/raw_20260214_132422.json → 20 rows
[2026-02-17T18:18:49.567+0000] {ingest_telemetry.py:86} INFO - Loaded telemetry/raw_20260214_132427.json → 20 rows
[2026-02-17T18:18:52.520+0000] {ingest_telemetry.py:86} INFO - Loaded telemetry/raw_20260214_132432.json → 21 rows
[2026-02-17T18:18:55.193+0000] {ingest_telemetry.py:86} INFO - Loaded telemetry/raw_20260214_132437.json → 19 rows
[2026-02-17T18:19:13.655+0000] {ingest_telemetry.py:86} INFO - Loaded telemetry/raw_20260214_132442.json → 19 rows
[2026-02-17T18:19:17.949+0000] {ingest_telemetry.py:86} INFO - Loaded telemetry/raw_20260214_132448.json → 19 rows
[2026-02-17T18:19:20.209+0000] {ingest_telemetry.py:86} INFO - Loaded telemetry/raw_20260214_132453.json → 20 rows
[2026-02-17T18:19:22.815+0000] {ingest_telemetry.py:86} INFO - Loaded telemetry/raw_20260214_132458.json → 20 rows
[2026-02-17T18:19:25.500+0000] {ingest_telemetry.py:86} INFO - Loaded telemetry/raw_20260214_132503.json → 21 rows
[2026-02-17T18:19:27.413+0000] {ingest_telemetry.py:86} INFO - Loaded telemetry/raw_20260214_132508.json → 20 rows
[2026-02-17T18:19:30.633+0000] {ingest_telemetry.py:86} INFO - Loaded telemetry/raw_20260214_132513.json → 19 rows
[2026-02-17T18:19:32.543+0000] {ingest_telemetry.py:86} INFO - Loaded telemetry/raw_20260214_132519.json → 18 rows
[2026-02-17T18:19:34.398+0000] {ingest_telemetry.py:86} INFO - Loaded telemetry/raw_20260214_132524.json → 19 rows
[2026-02-17T18:19:37.120+0000] {ingest_telemetry.py:86} INFO - Loaded telemetry/raw_20260214_132529.json → 20 rows
[2026-02-17T18:19:39.379+0000] {ingest_telemetry.py:86} INFO - Loaded telemetry/raw_20260214_132534.json → 18 rows
[2026-02-17T18:19:41.177+0000] {ingest_telemetry.py:86} INFO - Loaded telemetry/raw_20260214_132539.json → 19 rows
[2026-02-17T18:19:43.555+0000] {ingest_telemetry.py:86} INFO - Loaded telemetry/raw_20260214_132544.json → 19 rows
[2026-02-17T18:19:53.524+0000] {ingest_telemetry.py:86} INFO - Loaded telemetry/raw_20260214_132550.json → 19 rows
[2026-02-17T18:19:56.465+0000] {ingest_telemetry.py:86} INFO - Loaded telemetry/raw_20260214_132555.json → 19 rows
[2026-02-17T18:19:58.406+0000] {ingest_telemetry.py:86} INFO - Loaded telemetry/raw_20260214_132600.json → 19 rows
[2026-02-17T18:20:00.710+0000] {ingest_telemetry.py:86} INFO - Loaded telemetry/raw_20260214_132605.json → 19 rows
[2026-02-17T18:20:02.685+0000] {ingest_telemetry.py:86} INFO - Loaded telemetry/raw_20260214_132610.json → 19 rows
[2026-02-17T18:20:06.885+0000] {ingest_telemetry.py:86} INFO - Loaded telemetry/raw_20260214_132615.json → 20 rows
[2026-02-17T18:20:09.348+0000] {ingest_telemetry.py:86} INFO - Loaded telemetry/raw_20260214_132620.json → 20 rows
[2026-02-17T18:20:10.519+0000] {taskinstance.py:2698} ERROR - Task failed with exception
Traceback (most recent call last):
  File "/home/airflow/.local/lib/python3.8/site-packages/airflow/models/taskinstance.py", line 433, in _execute_task
    result = execute_callable(context=context, **execute_callable_kwargs)
  File "/home/airflow/.local/lib/python3.8/site-packages/airflow/operators/python.py", line 199, in execute
    return_value = self.execute_callable()
  File "/home/airflow/.local/lib/python3.8/site-packages/airflow/operators/python.py", line 216, in execute_callable
    return self.python_callable(*self.op_args, **self.op_kwargs)
  File "/opt/airflow/dags/ingest_telemetry.py", line 84, in load_files_to_bigquery
    job.result()  # Wait for job to complete
  File "/home/airflow/.local/lib/python3.8/site-packages/google/cloud/bigquery/job/base.py", line 971, in result
    return super(_AsyncJob, self).result(timeout=timeout, **kwargs)
  File "/home/airflow/.local/lib/python3.8/site-packages/google/api_core/future/polling.py", line 261, in result
    raise self._exception
google.api_core.exceptions.Forbidden: 403 Exceeded rate limits: too many table update operations for this table. For more information, see https://cloud.google.com/bigquery/docs/troubleshoot-quotas; reason: rateLimitExceeded, location: table.write, message: Exceeded rate limits: too many table update operations for this table. For more information, see https://cloud.google.com/bigquery/docs/troubleshoot-quotas
[2026-02-17T18:20:10.540+0000] {taskinstance.py:1138} INFO - Marking task as FAILED. dag_id=ingest_telemetry, task_id=load_to_bigquery, execution_date=20260217T180000, start_date=20260217T181331, end_date=20260217T182010
[2026-02-17T18:20:10.551+0000] {standard_task_runner.py:107} ERROR - Failed to execute job 42 for task load_to_bigquery (403 Exceeded rate limits: too many table update operations for this table. For more information, see https://cloud.google.com/bigquery/docs/troubleshoot-quotas; reason: rateLimitExceeded, location: table.write, message: Exceeded rate limits: too many table update operations for this table. For more information, see https://cloud.google.com/bigquery/docs/troubleshoot-quotas; 1087)
[2026-02-17T18:20:10.592+0000] {local_task_job_runner.py:234} INFO - Task exited with return code 1
[2026-02-17T18:20:10.625+0000] {taskinstance.py:3280} INFO - 0 downstream tasks scheduled from follow-on schedule check
