[2026-02-17T18:05:01.899+0000] {taskinstance.py:1956} INFO - Dependencies all met for dep_context=non-requeueable deps ti=<TaskInstance: ingest_telemetry.load_to_bigquery scheduled__2026-02-17T18:00:00+00:00 [queued]>
[2026-02-17T18:05:01.902+0000] {taskinstance.py:1956} INFO - Dependencies all met for dep_context=requeueable deps ti=<TaskInstance: ingest_telemetry.load_to_bigquery scheduled__2026-02-17T18:00:00+00:00 [queued]>
[2026-02-17T18:05:01.902+0000] {taskinstance.py:2170} INFO - Starting attempt 1 of 2
[2026-02-17T18:05:01.908+0000] {taskinstance.py:2191} INFO - Executing <Task(PythonOperator): load_to_bigquery> on 2026-02-17 18:00:00+00:00
[2026-02-17T18:05:01.911+0000] {standard_task_runner.py:60} INFO - Started process 982 to run task
[2026-02-17T18:05:01.913+0000] {standard_task_runner.py:87} INFO - Running: ['***', 'tasks', 'run', 'ingest_telemetry', 'load_to_bigquery', 'scheduled__2026-02-17T18:00:00+00:00', '--job-id', '39', '--raw', '--subdir', 'DAGS_FOLDER/ingest_telemetry.py', '--cfg-path', '/tmp/tmp4eptoizx']
[2026-02-17T18:05:01.914+0000] {standard_task_runner.py:88} INFO - Job 39: Subtask load_to_bigquery
[2026-02-17T18:05:01.935+0000] {task_command.py:423} INFO - Running <TaskInstance: ingest_telemetry.load_to_bigquery scheduled__2026-02-17T18:00:00+00:00 [running]> on host 173280efb2df
[2026-02-17T18:05:01.967+0000] {taskinstance.py:2480} INFO - Exporting env vars: AIRFLOW_CTX_DAG_OWNER='lawal' AIRFLOW_CTX_DAG_ID='ingest_telemetry' AIRFLOW_CTX_TASK_ID='load_to_bigquery' AIRFLOW_CTX_EXECUTION_DATE='2026-02-17T18:00:00+00:00' AIRFLOW_CTX_TRY_NUMBER='1' AIRFLOW_CTX_DAG_RUN_ID='scheduled__2026-02-17T18:00:00+00:00'
[2026-02-17T18:05:05.675+0000] {ingest_telemetry.py:86} INFO - Loaded telemetry/raw_20260214_131534.json → 4 rows
[2026-02-17T18:05:07.831+0000] {ingest_telemetry.py:86} INFO - Loaded telemetry/raw_20260214_131540.json → 8 rows
[2026-02-17T18:05:09.911+0000] {ingest_telemetry.py:86} INFO - Loaded telemetry/raw_20260214_131545.json → 9 rows
[2026-02-17T18:05:12.949+0000] {ingest_telemetry.py:86} INFO - Loaded telemetry/raw_20260214_131550.json → 12 rows
[2026-02-17T18:05:16.660+0000] {ingest_telemetry.py:86} INFO - Loaded telemetry/raw_20260214_131555.json → 15 rows
[2026-02-17T18:05:19.344+0000] {ingest_telemetry.py:86} INFO - Loaded telemetry/raw_20260214_131600.json → 17 rows
[2026-02-17T18:05:21.977+0000] {ingest_telemetry.py:86} INFO - Loaded telemetry/raw_20260214_131606.json → 18 rows
[2026-02-17T18:05:25.075+0000] {ingest_telemetry.py:86} INFO - Loaded telemetry/raw_20260214_131611.json → 19 rows
[2026-02-17T18:05:27.305+0000] {ingest_telemetry.py:86} INFO - Loaded telemetry/raw_20260214_131616.json → 19 rows
[2026-02-17T18:05:29.622+0000] {ingest_telemetry.py:86} INFO - Loaded telemetry/raw_20260214_131621.json → 19 rows
[2026-02-17T18:05:33.063+0000] {ingest_telemetry.py:86} INFO - Loaded telemetry/raw_20260214_131626.json → 19 rows
[2026-02-17T18:05:34.972+0000] {ingest_telemetry.py:86} INFO - Loaded telemetry/raw_20260214_131631.json → 20 rows
[2026-02-17T18:05:38.385+0000] {ingest_telemetry.py:86} INFO - Loaded telemetry/raw_20260214_131637.json → 20 rows
[2026-02-17T18:05:40.269+0000] {ingest_telemetry.py:86} INFO - Loaded telemetry/raw_20260214_131642.json → 20 rows
[2026-02-17T18:05:42.290+0000] {ingest_telemetry.py:86} INFO - Loaded telemetry/raw_20260214_131647.json → 20 rows
[2026-02-17T18:05:44.505+0000] {ingest_telemetry.py:86} INFO - Loaded telemetry/raw_20260214_131652.json → 20 rows
[2026-02-17T18:05:47.668+0000] {ingest_telemetry.py:86} INFO - Loaded telemetry/raw_20260214_131657.json → 20 rows
[2026-02-17T18:05:50.341+0000] {ingest_telemetry.py:86} INFO - Loaded telemetry/raw_20260214_131702.json → 20 rows
[2026-02-17T18:05:53.004+0000] {ingest_telemetry.py:86} INFO - Loaded telemetry/raw_20260214_131708.json → 20 rows
[2026-02-17T18:05:55.074+0000] {ingest_telemetry.py:86} INFO - Loaded telemetry/raw_20260214_131713.json → 20 rows
[2026-02-17T18:05:57.108+0000] {ingest_telemetry.py:86} INFO - Loaded telemetry/raw_20260214_131718.json → 20 rows
[2026-02-17T18:05:59.249+0000] {ingest_telemetry.py:86} INFO - Loaded telemetry/raw_20260214_131723.json → 20 rows
[2026-02-17T18:06:01.552+0000] {ingest_telemetry.py:86} INFO - Loaded telemetry/raw_20260214_131728.json → 20 rows
[2026-02-17T18:06:05.558+0000] {ingest_telemetry.py:86} INFO - Loaded telemetry/raw_20260214_131733.json → 20 rows
[2026-02-17T18:06:08.043+0000] {ingest_telemetry.py:86} INFO - Loaded telemetry/raw_20260214_131739.json → 20 rows
[2026-02-17T18:06:10.113+0000] {ingest_telemetry.py:86} INFO - Loaded telemetry/raw_20260214_131744.json → 20 rows
[2026-02-17T18:06:12.118+0000] {ingest_telemetry.py:86} INFO - Loaded telemetry/raw_20260214_131749.json → 20 rows
[2026-02-17T18:06:15.259+0000] {ingest_telemetry.py:86} INFO - Loaded telemetry/raw_20260214_131754.json → 20 rows
[2026-02-17T18:06:17.493+0000] {ingest_telemetry.py:86} INFO - Loaded telemetry/raw_20260214_131759.json → 20 rows
[2026-02-17T18:06:19.605+0000] {ingest_telemetry.py:86} INFO - Loaded telemetry/raw_20260214_131804.json → 20 rows
[2026-02-17T18:06:22.486+0000] {ingest_telemetry.py:86} INFO - Loaded telemetry/raw_20260214_131809.json → 20 rows
[2026-02-17T18:06:26.778+0000] {ingest_telemetry.py:86} INFO - Loaded telemetry/raw_20260214_131815.json → 20 rows
[2026-02-17T18:06:29.230+0000] {ingest_telemetry.py:86} INFO - Loaded telemetry/raw_20260214_131820.json → 20 rows
[2026-02-17T18:06:31.474+0000] {ingest_telemetry.py:86} INFO - Loaded telemetry/raw_20260214_131825.json → 20 rows
[2026-02-17T18:06:35.542+0000] {ingest_telemetry.py:86} INFO - Loaded telemetry/raw_20260214_131830.json → 20 rows
[2026-02-17T18:06:39.199+0000] {ingest_telemetry.py:86} INFO - Loaded telemetry/raw_20260214_131835.json → 20 rows
[2026-02-17T18:06:42.540+0000] {ingest_telemetry.py:86} INFO - Loaded telemetry/raw_20260214_131840.json → 20 rows
[2026-02-17T18:06:45.468+0000] {ingest_telemetry.py:86} INFO - Loaded telemetry/raw_20260214_131846.json → 20 rows
[2026-02-17T18:06:47.610+0000] {ingest_telemetry.py:86} INFO - Loaded telemetry/raw_20260214_131851.json → 20 rows
[2026-02-17T18:06:49.797+0000] {ingest_telemetry.py:86} INFO - Loaded telemetry/raw_20260214_131856.json → 20 rows
[2026-02-17T18:06:54.994+0000] {ingest_telemetry.py:86} INFO - Loaded telemetry/raw_20260214_131901.json → 20 rows
[2026-02-17T18:06:58.600+0000] {ingest_telemetry.py:86} INFO - Loaded telemetry/raw_20260214_131906.json → 20 rows
[2026-02-17T18:07:00.965+0000] {ingest_telemetry.py:86} INFO - Loaded telemetry/raw_20260214_131911.json → 20 rows
[2026-02-17T18:07:07.710+0000] {ingest_telemetry.py:86} INFO - Loaded telemetry/raw_20260214_131917.json → 20 rows
[2026-02-17T18:07:10.161+0000] {ingest_telemetry.py:86} INFO - Loaded telemetry/raw_20260214_131922.json → 20 rows
[2026-02-17T18:07:13.142+0000] {ingest_telemetry.py:86} INFO - Loaded telemetry/raw_20260214_131927.json → 20 rows
[2026-02-17T18:07:15.222+0000] {ingest_telemetry.py:86} INFO - Loaded telemetry/raw_20260214_131932.json → 20 rows
[2026-02-17T18:07:18.941+0000] {ingest_telemetry.py:86} INFO - Loaded telemetry/raw_20260214_131937.json → 20 rows
[2026-02-17T18:07:22.415+0000] {ingest_telemetry.py:86} INFO - Loaded telemetry/raw_20260214_131942.json → 20 rows
[2026-02-17T18:07:25.187+0000] {ingest_telemetry.py:86} INFO - Loaded telemetry/raw_20260214_131948.json → 20 rows
[2026-02-17T18:07:27.305+0000] {ingest_telemetry.py:86} INFO - Loaded telemetry/raw_20260214_131953.json → 20 rows
[2026-02-17T18:07:29.784+0000] {ingest_telemetry.py:86} INFO - Loaded telemetry/raw_20260214_131958.json → 20 rows
[2026-02-17T18:07:32.763+0000] {ingest_telemetry.py:86} INFO - Loaded telemetry/raw_20260214_132003.json → 20 rows
[2026-02-17T18:07:35.086+0000] {ingest_telemetry.py:86} INFO - Loaded telemetry/raw_20260214_132008.json → 20 rows
[2026-02-17T18:07:37.116+0000] {ingest_telemetry.py:86} INFO - Loaded telemetry/raw_20260214_132013.json → 20 rows
[2026-02-17T18:07:39.804+0000] {ingest_telemetry.py:86} INFO - Loaded telemetry/raw_20260214_132018.json → 20 rows
[2026-02-17T18:07:42.078+0000] {ingest_telemetry.py:86} INFO - Loaded telemetry/raw_20260214_132024.json → 20 rows
[2026-02-17T18:07:44.933+0000] {ingest_telemetry.py:86} INFO - Loaded telemetry/raw_20260214_132029.json → 20 rows
[2026-02-17T18:07:48.089+0000] {ingest_telemetry.py:86} INFO - Loaded telemetry/raw_20260214_132034.json → 20 rows
[2026-02-17T18:07:51.038+0000] {ingest_telemetry.py:86} INFO - Loaded telemetry/raw_20260214_132039.json → 20 rows
[2026-02-17T18:07:53.045+0000] {ingest_telemetry.py:86} INFO - Loaded telemetry/raw_20260214_132044.json → 20 rows
[2026-02-17T18:07:55.555+0000] {ingest_telemetry.py:86} INFO - Loaded telemetry/raw_20260214_132050.json → 20 rows
[2026-02-17T18:07:57.790+0000] {ingest_telemetry.py:86} INFO - Loaded telemetry/raw_20260214_132055.json → 20 rows
[2026-02-17T18:08:00.476+0000] {ingest_telemetry.py:86} INFO - Loaded telemetry/raw_20260214_132100.json → 20 rows
[2026-02-17T18:08:03.199+0000] {ingest_telemetry.py:86} INFO - Loaded telemetry/raw_20260214_132105.json → 20 rows
[2026-02-17T18:08:05.798+0000] {ingest_telemetry.py:86} INFO - Loaded telemetry/raw_20260214_132110.json → 20 rows
[2026-02-17T18:08:07.595+0000] {ingest_telemetry.py:86} INFO - Loaded telemetry/raw_20260214_132115.json → 20 rows
[2026-02-17T18:08:10.538+0000] {ingest_telemetry.py:86} INFO - Loaded telemetry/raw_20260214_132121.json → 20 rows
[2026-02-17T18:08:12.532+0000] {ingest_telemetry.py:86} INFO - Loaded telemetry/raw_20260214_132126.json → 20 rows
[2026-02-17T18:08:16.680+0000] {ingest_telemetry.py:86} INFO - Loaded telemetry/raw_20260214_132131.json → 20 rows
[2026-02-17T18:08:20.106+0000] {ingest_telemetry.py:86} INFO - Loaded telemetry/raw_20260214_132136.json → 20 rows
[2026-02-17T18:08:23.687+0000] {ingest_telemetry.py:86} INFO - Loaded telemetry/raw_20260214_132141.json → 20 rows
[2026-02-17T18:08:27.631+0000] {ingest_telemetry.py:86} INFO - Loaded telemetry/raw_20260214_132146.json → 20 rows
[2026-02-17T18:08:30.678+0000] {ingest_telemetry.py:86} INFO - Loaded telemetry/raw_20260214_132152.json → 21 rows
[2026-02-17T18:08:33.631+0000] {ingest_telemetry.py:86} INFO - Loaded telemetry/raw_20260214_132157.json → 19 rows
[2026-02-17T18:08:35.578+0000] {ingest_telemetry.py:86} INFO - Loaded telemetry/raw_20260214_132202.json → 20 rows
[2026-02-17T18:08:38.119+0000] {ingest_telemetry.py:86} INFO - Loaded telemetry/raw_20260214_132207.json → 20 rows
[2026-02-17T18:08:41.683+0000] {ingest_telemetry.py:86} INFO - Loaded telemetry/raw_20260214_132212.json → 20 rows
[2026-02-17T18:08:43.657+0000] {ingest_telemetry.py:86} INFO - Loaded telemetry/raw_20260214_132217.json → 20 rows
[2026-02-17T18:08:45.805+0000] {ingest_telemetry.py:86} INFO - Loaded telemetry/raw_20260214_132223.json → 20 rows
[2026-02-17T18:08:49.481+0000] {ingest_telemetry.py:86} INFO - Loaded telemetry/raw_20260214_132228.json → 20 rows
[2026-02-17T18:08:52.298+0000] {ingest_telemetry.py:86} INFO - Loaded telemetry/raw_20260214_132233.json → 20 rows
[2026-02-17T18:08:55.298+0000] {ingest_telemetry.py:86} INFO - Loaded telemetry/raw_20260214_132238.json → 20 rows
[2026-02-17T18:08:57.128+0000] {ingest_telemetry.py:86} INFO - Loaded telemetry/raw_20260214_132243.json → 20 rows
[2026-02-17T18:08:59.386+0000] {ingest_telemetry.py:86} INFO - Loaded telemetry/raw_20260214_132248.json → 20 rows
[2026-02-17T18:09:02.103+0000] {ingest_telemetry.py:86} INFO - Loaded telemetry/raw_20260214_132254.json → 20 rows
[2026-02-17T18:09:05.498+0000] {ingest_telemetry.py:86} INFO - Loaded telemetry/raw_20260214_132259.json → 20 rows
[2026-02-17T18:09:08.680+0000] {ingest_telemetry.py:86} INFO - Loaded telemetry/raw_20260214_132304.json → 20 rows
[2026-02-17T18:09:11.285+0000] {ingest_telemetry.py:86} INFO - Loaded telemetry/raw_20260214_132309.json → 20 rows
[2026-02-17T18:09:15.505+0000] {ingest_telemetry.py:86} INFO - Loaded telemetry/raw_20260214_132314.json → 20 rows
[2026-02-17T18:09:18.102+0000] {ingest_telemetry.py:86} INFO - Loaded telemetry/raw_20260214_132319.json → 21 rows
[2026-02-17T18:09:20.539+0000] {ingest_telemetry.py:86} INFO - Loaded telemetry/raw_20260214_132325.json → 19 rows
[2026-02-17T18:09:22.574+0000] {ingest_telemetry.py:86} INFO - Loaded telemetry/raw_20260214_132330.json → 19 rows
[2026-02-17T18:09:25.812+0000] {ingest_telemetry.py:86} INFO - Loaded telemetry/raw_20260214_132335.json → 20 rows
[2026-02-17T18:09:28.198+0000] {ingest_telemetry.py:86} INFO - Loaded telemetry/raw_20260214_132340.json → 20 rows
[2026-02-17T18:09:31.245+0000] {ingest_telemetry.py:86} INFO - Loaded telemetry/raw_20260214_132345.json → 20 rows
[2026-02-17T18:09:33.059+0000] {ingest_telemetry.py:86} INFO - Loaded telemetry/raw_20260214_132351.json → 20 rows
[2026-02-17T18:09:34.821+0000] {ingest_telemetry.py:86} INFO - Loaded telemetry/raw_20260214_132356.json → 20 rows
[2026-02-17T18:09:37.759+0000] {ingest_telemetry.py:86} INFO - Loaded telemetry/raw_20260214_132401.json → 20 rows
[2026-02-17T18:09:40.958+0000] {ingest_telemetry.py:86} INFO - Loaded telemetry/raw_20260214_132406.json → 21 rows
[2026-02-17T18:09:44.212+0000] {ingest_telemetry.py:86} INFO - Loaded telemetry/raw_20260214_132412.json → 19 rows
[2026-02-17T18:09:46.932+0000] {ingest_telemetry.py:86} INFO - Loaded telemetry/raw_20260214_132417.json → 20 rows
[2026-02-17T18:09:50.036+0000] {ingest_telemetry.py:86} INFO - Loaded telemetry/raw_20260214_132422.json → 20 rows
[2026-02-17T18:09:53.068+0000] {ingest_telemetry.py:86} INFO - Loaded telemetry/raw_20260214_132427.json → 20 rows
[2026-02-17T18:09:55.472+0000] {ingest_telemetry.py:86} INFO - Loaded telemetry/raw_20260214_132432.json → 21 rows
[2026-02-17T18:10:02.973+0000] {ingest_telemetry.py:86} INFO - Loaded telemetry/raw_20260214_132437.json → 19 rows
[2026-02-17T18:10:07.822+0000] {ingest_telemetry.py:86} INFO - Loaded telemetry/raw_20260214_132442.json → 19 rows
[2026-02-17T18:10:16.656+0000] {ingest_telemetry.py:86} INFO - Loaded telemetry/raw_20260214_132448.json → 19 rows
[2026-02-17T18:10:25.475+0000] {ingest_telemetry.py:86} INFO - Loaded telemetry/raw_20260214_132453.json → 20 rows
[2026-02-17T18:10:35.111+0000] {ingest_telemetry.py:86} INFO - Loaded telemetry/raw_20260214_132458.json → 20 rows
[2026-02-17T18:10:41.316+0000] {ingest_telemetry.py:86} INFO - Loaded telemetry/raw_20260214_132503.json → 21 rows
[2026-02-17T18:10:47.722+0000] {ingest_telemetry.py:86} INFO - Loaded telemetry/raw_20260214_132508.json → 20 rows
[2026-02-17T18:10:53.035+0000] {ingest_telemetry.py:86} INFO - Loaded telemetry/raw_20260214_132513.json → 19 rows
[2026-02-17T18:10:58.697+0000] {ingest_telemetry.py:86} INFO - Loaded telemetry/raw_20260214_132519.json → 18 rows
[2026-02-17T18:11:05.809+0000] {ingest_telemetry.py:86} INFO - Loaded telemetry/raw_20260214_132524.json → 19 rows
[2026-02-17T18:11:10.018+0000] {ingest_telemetry.py:86} INFO - Loaded telemetry/raw_20260214_132529.json → 20 rows
[2026-02-17T18:11:15.819+0000] {ingest_telemetry.py:86} INFO - Loaded telemetry/raw_20260214_132534.json → 18 rows
[2026-02-17T18:11:17.949+0000] {ingest_telemetry.py:86} INFO - Loaded telemetry/raw_20260214_132539.json → 19 rows
[2026-02-17T18:11:21.711+0000] {ingest_telemetry.py:86} INFO - Loaded telemetry/raw_20260214_132544.json → 19 rows
[2026-02-17T18:11:24.101+0000] {ingest_telemetry.py:86} INFO - Loaded telemetry/raw_20260214_132550.json → 19 rows
[2026-02-17T18:11:26.953+0000] {ingest_telemetry.py:86} INFO - Loaded telemetry/raw_20260214_132555.json → 19 rows
[2026-02-17T18:11:29.551+0000] {ingest_telemetry.py:86} INFO - Loaded telemetry/raw_20260214_132600.json → 19 rows
[2026-02-17T18:11:30.261+0000] {taskinstance.py:2698} ERROR - Task failed with exception
Traceback (most recent call last):
  File "/home/airflow/.local/lib/python3.8/site-packages/airflow/models/taskinstance.py", line 433, in _execute_task
    result = execute_callable(context=context, **execute_callable_kwargs)
  File "/home/airflow/.local/lib/python3.8/site-packages/airflow/operators/python.py", line 199, in execute
    return_value = self.execute_callable()
  File "/home/airflow/.local/lib/python3.8/site-packages/airflow/operators/python.py", line 216, in execute_callable
    return self.python_callable(*self.op_args, **self.op_kwargs)
  File "/opt/airflow/dags/ingest_telemetry.py", line 84, in load_files_to_bigquery
    job.result()  # Wait for job to complete
  File "/home/airflow/.local/lib/python3.8/site-packages/google/cloud/bigquery/job/base.py", line 971, in result
    return super(_AsyncJob, self).result(timeout=timeout, **kwargs)
  File "/home/airflow/.local/lib/python3.8/site-packages/google/api_core/future/polling.py", line 261, in result
    raise self._exception
google.api_core.exceptions.Forbidden: 403 Exceeded rate limits: too many table update operations for this table. For more information, see https://cloud.google.com/bigquery/docs/troubleshoot-quotas; reason: rateLimitExceeded, location: table.write, message: Exceeded rate limits: too many table update operations for this table. For more information, see https://cloud.google.com/bigquery/docs/troubleshoot-quotas
[2026-02-17T18:11:30.271+0000] {taskinstance.py:1138} INFO - Marking task as UP_FOR_RETRY. dag_id=ingest_telemetry, task_id=load_to_bigquery, execution_date=20260217T180000, start_date=20260217T180501, end_date=20260217T181130
[2026-02-17T18:11:30.286+0000] {standard_task_runner.py:107} ERROR - Failed to execute job 39 for task load_to_bigquery (403 Exceeded rate limits: too many table update operations for this table. For more information, see https://cloud.google.com/bigquery/docs/troubleshoot-quotas; reason: rateLimitExceeded, location: table.write, message: Exceeded rate limits: too many table update operations for this table. For more information, see https://cloud.google.com/bigquery/docs/troubleshoot-quotas; 982)
[2026-02-17T18:11:30.308+0000] {local_task_job_runner.py:234} INFO - Task exited with return code 1
[2026-02-17T18:11:30.327+0000] {taskinstance.py:3280} INFO - 0 downstream tasks scheduled from follow-on schedule check
